BL51 BANKED LINKER/LOCATER V6.22.2.0                                                    06/07/2023  12:38:46  PAGE 1


BL51 BANKED LINKER/LOCATER V6.22.2.0, INVOKED BY:
D:\KEIL_V5\C51\BIN\BL51.EXE .\Objects\main.obj TO .\Objects\test PRINT (.\Listings\test.m51) RAMSIZE (256)


MEMORY MODEL: SMALL


INPUT MODULES INCLUDED:
  .\Objects\main.obj (MAIN)
  D:\KEIL_V5\C51\LIB\C51S.LIB (?C_STARTUP)
  D:\KEIL_V5\C51\LIB\C51S.LIB (?C_INIT)


LINK MAP OF MODULE:  .\Objects\test (MAIN)


            TYPE    BASE      LENGTH    RELOCATION   SEGMENT NAME
            -----------------------------------------------------

            * * * * * * *   D A T A   M E M O R Y   * * * * * * *
            REG     0000H     0008H     ABSOLUTE     "REG BANK 0"
            DATA    0008H     0022H     UNIT         ?DT?MAIN
            DATA    002AH     0001H     UNIT         _DATA_GROUP_
            IDATA   002BH     0001H     UNIT         ?STACK

            * * * * * * *   C O D E   M E M O R Y   * * * * * * *
            CODE    0000H     0003H     ABSOLUTE     
            CODE    0003H     008CH     UNIT         ?C_C51STARTUP
            CODE    008FH     0059H     UNIT         ?PR?LCD1602_DIS?MAIN
            CODE    00E8H     004AH     UNIT         ?PR?LCD1602_INIT?MAIN
            CODE    0132H     0033H     UNIT         ?PR?_DELAY?MAIN
            CODE    0165H     0030H     UNIT         ?PR?_LCD1602_WRITE?MAIN
            CODE    0195H     0027H     UNIT         ?C_INITSEG
            CODE    01BCH     0024H     UNIT         ?PR?MAIN?MAIN
            CODE    01E0H     0013H     UNIT         ?PR?IO_INIT?MAIN



OVERLAY MAP OF MODULE:   .\Objects\test (MAIN)


SEGMENT                           DATA_GROUP 
  +--> CALLED SEGMENT           START    LENGTH
-----------------------------------------------
?C_C51STARTUP                   -----    -----
  +--> ?PR?MAIN?MAIN
  +--> ?C_INITSEG

?PR?MAIN?MAIN                   -----    -----
  +--> ?PR?IO_INIT?MAIN
  +--> ?PR?_DELAY?MAIN
  +--> ?PR?LCD1602_INIT?MAIN
  +--> ?PR?LCD1602_DIS?MAIN

?PR?IO_INIT?MAIN                -----    -----
  +--> ?PR?_DELAY?MAIN

?PR?LCD1602_INIT?MAIN           -----    -----
BL51 BANKED LINKER/LOCATER V6.22.2.0                                                  06/07/2023  12:38:46  PAGE 2


  +--> ?PR?_LCD1602_WRITE?MAIN
  +--> ?PR?_DELAY?MAIN

?PR?_LCD1602_WRITE?MAIN         -----    -----
  +--> ?PR?_DELAY?MAIN

?PR?LCD1602_DIS?MAIN            002AH    0001H
  +--> ?PR?_LCD1602_WRITE?MAIN
  +--> ?PR?_DELAY?MAIN



SYMBOL TABLE OF MODULE:  .\Objects\test (MAIN)

  VALUE           TYPE          NAME
  ----------------------------------

  -------         MODULE        MAIN
  C:0000H         SYMBOL        _ICE_DUMMY_
  D:0092H         PUBLIC        P1M0
  D:0091H         PUBLIC        P1M1
  D:0080H         PUBLIC        P0
  D:00B2H         PUBLIC        P3M0
  D:0090H         PUBLIC        P1
  D:00B1H         PUBLIC        P3M1
  D:00A0H         PUBLIC        P2
  D:00B0H         PUBLIC        P3
  D:00C0H         PUBLIC        P4
  D:00C8H         PUBLIC        P5
  D:00E8H         PUBLIC        P6
  D:00F8H         PUBLIC        P7
  C:016CH         PUBLIC        _LCD1602_Write
  D:00A8H         PUBLIC        IE
  C:013CH         PUBLIC        _delay
  D:00B8H         PUBLIC        IP
  C:01BCH         PUBLIC        main
  C:01E0H         PUBLIC        IO_init
  D:0098H         PUBLIC        SCON
  C:00E8H         PUBLIC        LCD1602_init
  D:0088H         PUBLIC        TCON
  D:0008H         PUBLIC        table1
  D:0019H         PUBLIC        table2
  C:008FH         PUBLIC        LCD1602_DIS
  B:00B0H.7       PUBLIC        LCDEN
  B:00B0H.6       PUBLIC        LCDRS
  D:00D0H         PUBLIC        PSW
  -------         PROC          MAIN
  C:01BCH         LINE#         39
  C:01BCH         LINE#         40
  C:01BCH         LINE#         41
  C:01BFH         LINE#         42
  C:01C8H         LINE#         43
  C:01D1H         LINE#         44
  C:01D4H         LINE#         45
  C:01DBH         LINE#         46
  C:01DEH         LINE#         47
  -------         ENDPROC       MAIN
BL51 BANKED LINKER/LOCATER V6.22.2.0                                                  06/07/2023  12:38:46  PAGE 3


  C:0138H         SYMBOL        L?0025
  -------         PROC          L?0024
  -------         ENDPROC       L?0024
  C:0138H         SYMBOL        L?0025
  -------         PROC          _DELAY
  D:0006H         SYMBOL        Count
  -------         DO            
  D:0005H         SYMBOL        i
  D:0004H         SYMBOL        j
  -------         ENDDO         
  C:013CH         LINE#         52
  C:013CH         LINE#         53
  C:013CH         LINE#         55
  C:0146H         LINE#         56
  C:0146H         LINE#         57
  C:0152H         LINE#         58
  C:0164H         LINE#         59
  C:0164H         LINE#         60
  -------         ENDPROC       _DELAY
  -------         PROC          IO_INIT
  C:01E0H         LINE#         64
  C:01E0H         LINE#         65
  C:01E0H         LINE#         67
  C:01E3H         LINE#         68
  C:01E6H         LINE#         70
  C:01E9H         LINE#         71
  C:01ECH         LINE#         72
  -------         ENDPROC       IO_INIT
  -------         PROC          LCD1602_INIT
  C:00E8H         LINE#         77
  C:00E8H         LINE#         78
  C:00E8H         LINE#         86
  C:00F6H         LINE#         87
  C:00FFH         LINE#         88
  C:0108H         LINE#         89
  C:0116H         LINE#         90
  C:0124H         LINE#         91
  -------         ENDPROC       LCD1602_INIT
  -------         PROC          LCD1602_DIS
  -------         DO            
  D:002AH         SYMBOL        i
  -------         ENDDO         
  C:008FH         LINE#         96
  C:008FH         LINE#         97
  C:008FH         LINE#         99
  C:0096H         LINE#         100
  C:009DH         LINE#         101
  C:00ABH         LINE#         102
  C:00ABH         LINE#         103
  C:00B0H         LINE#         104
  C:00B7H         LINE#         105
  C:00BBH         LINE#         106
  C:00C2H         LINE#         107
  C:00C9H         LINE#         108
  C:00D7H         LINE#         109
  C:00D7H         LINE#         110
  C:00DCH         LINE#         111
BL51 BANKED LINKER/LOCATER V6.22.2.0                                                  06/07/2023  12:38:46  PAGE 4


  C:00E3H         LINE#         112
  C:00E7H         LINE#         113
  -------         ENDPROC       LCD1602_DIS
  -------         PROC          L?0026
  -------         ENDPROC       L?0026
  -------         PROC          _LCD1602_WRITE
  D:0003H         SYMBOL        cmdordata
  D:0005H         SYMBOL        writetype
  -------         DO            
  D:0007H         SYMBOL        temp
  -------         ENDDO         
  C:016CH         LINE#         118
  C:016EH         LINE#         119
  C:016EH         LINE#         120
  C:016EH         LINE#         121
  C:0173H         LINE#         122
  C:0176H         LINE#         123
  C:0179H         LINE#         124
  C:017DH         LINE#         125
  C:017DH         LINE#         126
  C:0180H         LINE#         127
  C:0185H         LINE#         128
  C:0188H         LINE#         129
  C:0189H         LINE#         130
  C:018CH         LINE#         131
  -------         ENDPROC       _LCD1602_WRITE
  -------         ENDMOD        MAIN

Program Size: data=44.0 xdata=0 code=499
LINK/LOCATE RUN COMPLETE.  0 WARNING(S),  0 ERROR(S)
