BL51 BANKED LINKER/LOCATER V6.22.2.0                                                    06/07/2023  12:44:08  PAGE 1


BL51 BANKED LINKER/LOCATER V6.22.2.0, INVOKED BY:
D:\KEIL_V5\C51\BIN\BL51.EXE .\Objects\main.obj TO .\Objects\test PRINT (.\Listings\test.m51) RAMSIZE (256)


MEMORY MODEL: SMALL


INPUT MODULES INCLUDED:
  .\Objects\main.obj (MAIN)
  D:\KEIL_V5\C51\LIB\C51S.LIB (?C_STARTUP)
  D:\KEIL_V5\C51\LIB\C51S.LIB (?C?UIDIV)
  D:\KEIL_V5\C51\LIB\C51S.LIB (?C?LMUL)
  D:\KEIL_V5\C51\LIB\C51S.LIB (?C?ULDIV)
  D:\KEIL_V5\C51\LIB\C51S.LIB (?C?ULCMP)
  D:\KEIL_V5\C51\LIB\C51S.LIB (?C?LSHL)
  D:\KEIL_V5\C51\LIB\C51S.LIB (?C?CCASE)
  D:\KEIL_V5\C51\LIB\C51S.LIB (PRINTF)
  D:\KEIL_V5\C51\LIB\C51S.LIB (?C_INIT)
  D:\KEIL_V5\C51\LIB\C51S.LIB (?C?CLDPTR)
  D:\KEIL_V5\C51\LIB\C51S.LIB (?C?CLDOPTR)
  D:\KEIL_V5\C51\LIB\C51S.LIB (?C?CSTPTR)
  D:\KEIL_V5\C51\LIB\C51S.LIB (?C?PLDIIDATA)


LINK MAP OF MODULE:  .\Objects\test (MAIN)


            TYPE    BASE      LENGTH    RELOCATION   SEGMENT NAME
            -----------------------------------------------------

            * * * * * * *   D A T A   M E M O R Y   * * * * * * *
            REG     0000H     0008H     ABSOLUTE     "REG BANK 0"
                    0008H     0018H                  *** GAP ***
            BIT     0020H.0   0001H.1   UNIT         _BIT_GROUP_
                    0021H.1   0000H.7                *** GAP ***
            DATA    0022H     0034H     UNIT         ?DT?MAIN
            DATA    0056H     001EH     UNIT         _DATA_GROUP_
            IDATA   0074H     0001H     UNIT         ?STACK

            * * * * * * *   C O D E   M E M O R Y   * * * * * * *
            CODE    0000H     0003H     ABSOLUTE     
            CODE    0003H     05A6H     UNIT         ?PR?MAIN?MAIN
            CODE    05A9H     035CH     UNIT         ?PR?PRINTF?PRINTF
            CODE    0905H     0224H     UNIT         ?C?LIB_CODE
            CODE    0B29H     01BAH     UNIT         ?PR?READ_CARD?MAIN
            CODE    0CE3H     00E9H     UNIT         ?PR?_SYSCLK_CCO?MAIN
            CODE    0DCCH     008CH     UNIT         ?C_C51STARTUP
            CODE    0E58H     0059H     UNIT         ?PR?LCD1602_DIS?MAIN
            CODE    0EB1H     004CH     UNIT         ?PR?_LCD1602_WRITE?MAIN
            CODE    0EFDH     0036H     UNIT         ?PR?LCD1602_INIT?MAIN
            CODE    0F33H     0036H     UNIT         ?CO?MAIN
            CODE    0F69H     0032H     UNIT         ?PR?IO_INIT?MAIN
            CODE    0F9BH     002DH     UNIT         ?PR?_DELAY?MAIN
            CODE    0FC8H     0027H     UNIT         ?C_INITSEG
            CODE    0FEFH     0024H     UNIT         ?PR?_LCD1602_DIS_CHAR?MAIN
            CODE    1013H     0023H     UNIT         ?PR?_TTS?MAIN
            CODE    1036H     0017H     UNIT         ?PR?UART1_INIT?MAIN
            CODE    104DH     0012H     UNIT         ?PR?DELAY150US?MAIN
BL51 BANKED LINKER/LOCATER V6.22.2.0                                                  06/07/2023  12:44:08  PAGE 2


            CODE    105FH     000BH     UNIT         ?PR?DELAY384US?MAIN
            CODE    106AH     0008H     UNIT         ?PR?_U1SEND_C?MAIN
            CODE    1072H     0005H     UNIT         ?PR?_PUTCHAR?MAIN



OVERLAY MAP OF MODULE:   .\Objects\test (MAIN)


SEGMENT                               BIT_GROUP          DATA_GROUP 
  +--> CALLED SEGMENT              START    LENGTH     START    LENGTH
----------------------------------------------------------------------
?C_C51STARTUP                      -----    -----      -----    -----
  +--> ?PR?MAIN?MAIN
  +--> ?C_INITSEG

?PR?MAIN?MAIN                      -----    -----      0056H    000AH
  +--> ?PR?IO_INIT?MAIN
  +--> ?PR?_SYSCLK_CCO?MAIN
  +--> ?PR?UART1_INIT?MAIN
  +--> ?PR?_DELAY?MAIN
  +--> ?PR?LCD1602_INIT?MAIN
  +--> ?PR?LCD1602_DIS?MAIN
  +--> ?PR?READ_CARD?MAIN
  +--> ?CO?MAIN
  +--> ?PR?PRINTF?PRINTF
  +--> ?PR?_LCD1602_DIS_CHAR?MAIN
  +--> ?PR?_TTS?MAIN

?PR?IO_INIT?MAIN                   -----    -----      -----    -----
  +--> ?PR?_DELAY?MAIN

?PR?_SYSCLK_CCO?MAIN               -----    -----      0060H    0001H

?PR?LCD1602_INIT?MAIN              -----    -----      -----    -----
  +--> ?PR?_LCD1602_WRITE?MAIN
  +--> ?PR?_DELAY?MAIN

?PR?_LCD1602_WRITE?MAIN            -----    -----      -----    -----
  +--> ?PR?_DELAY?MAIN

?PR?LCD1602_DIS?MAIN               -----    -----      0060H    0001H
  +--> ?PR?_LCD1602_WRITE?MAIN
  +--> ?PR?_DELAY?MAIN

?PR?READ_CARD?MAIN                 -----    -----      0060H    0011H
  +--> ?PR?DELAY384US?MAIN

?PR?PRINTF?PRINTF                  0020H.0  0001H.1    0060H    0014H
  +--> ?PR?_PUTCHAR?MAIN

?PR?_PUTCHAR?MAIN                  -----    -----      -----    -----
  +--> ?PR?_U1SEND_C?MAIN

?PR?_LCD1602_DIS_CHAR?MAIN         -----    -----      0060H    0001H
  +--> ?PR?_LCD1602_WRITE?MAIN

BL51 BANKED LINKER/LOCATER V6.22.2.0                                                  06/07/2023  12:44:08  PAGE 3


?PR?_TTS?MAIN                      -----    -----      -----    -----
  +--> ?PR?DELAY150US?MAIN



SYMBOL TABLE OF MODULE:  .\Objects\test (MAIN)

  VALUE           TYPE          NAME
  ----------------------------------

  -------         MODULE        MAIN
  C:0000H         SYMBOL        _ICE_DUMMY_
  D:0092H         PUBLIC        P1M0
  D:0091H         PUBLIC        P1M1
  D:0080H         PUBLIC        P0
  D:00B2H         PUBLIC        P3M0
  D:0090H         PUBLIC        P1
  D:00B1H         PUBLIC        P3M1
  D:00A0H         PUBLIC        P2
  D:00B0H         PUBLIC        P3
  D:00C0H         PUBLIC        P4
  D:00C8H         PUBLIC        P5
  D:00E8H         PUBLIC        P6
  D:00F8H         PUBLIC        P7
  C:0EB8H         PUBLIC        _LCD1602_Write
  D:00BAH         PUBLIC        P_SW2
  D:00A8H         PUBLIC        IE
  C:0CE3H         PUBLIC        _SYSCLK_CCO
  C:0F9FH         PUBLIC        _delay
  D:00B8H         PUBLIC        IP
  B:0090H.5       PUBLIC        DATA
  B:0098H.0       PUBLIC        RI
  C:105FH         PUBLIC        delay384us
  B:0098H.1       PUBLIC        TI
  D:00D8H         PUBLIC        CCON
  C:0003H         PUBLIC        main
  C:0F69H         PUBLIC        IO_init
  D:0099H         PUBLIC        SBUF
  D:0098H         PUBLIC        SCON
  C:0EFDH         PUBLIC        LCD1602_init
  D:0088H         PUBLIC        TCON
  D:0034H         PUBLIC        table1
  D:0045H         PUBLIC        table2
  D:008EH         PUBLIC        AUXR
  B:0090H.4       PUBLIC        BUSY
  B:0090H.7       PUBLIC        ROTP
  D:00D6H         PUBLIC        T2H
  D:00D7H         PUBLIC        T2L
  C:106AH         PUBLIC        _U1SEND_C
  C:0B29H         PUBLIC        Read_Card
  C:0FF4H         PUBLIC        _LCD1602_DIS_CHAR
  C:0E58H         PUBLIC        LCD1602_DIS
  C:1036H         PUBLIC        UART1_Init
  B:00B0H.7       PUBLIC        LCDEN
  B:00B0H.2       PUBLIC        Mcode
  C:1054H         PUBLIC        Delay150us
  B:00B0H.6       PUBLIC        LCDRS
BL51 BANKED LINKER/LOCATER V6.22.2.0                                                  06/07/2023  12:44:08  PAGE 4


  D:00D0H         PUBLIC        PSW
  C:1016H         PUBLIC        _TTS
  C:1072H         PUBLIC        _putchar
  -------         PROC          MAIN
  -------         DO            
  D:0056H         SYMBOL        SN
  D:005AH         SYMBOL        a
  D:005CH         SYMBOL        b
  D:0022H         SYMBOL        bit10_0
  D:0023H         SYMBOL        bit10_1
  D:0024H         SYMBOL        bit10_2
  D:0025H         SYMBOL        bit10_3
  D:0026H         SYMBOL        bit10_4
  D:0027H         SYMBOL        bit10_5
  D:0028H         SYMBOL        bit10_6
  D:0029H         SYMBOL        bit10_7
  D:002AH         SYMBOL        bit10_8
  D:002BH         SYMBOL        bit10_9
  D:002CH         SYMBOL        bit8_0
  D:002DH         SYMBOL        bit8_1
  D:002EH         SYMBOL        bit8_2
  D:002FH         SYMBOL        bit8_3
  D:0030H         SYMBOL        bit8_4
  D:0031H         SYMBOL        bit8_5
  D:0032H         SYMBOL        bit8_6
  D:0033H         SYMBOL        bit8_7
  -------         ENDDO         
  C:0003H         LINE#         69
  C:0003H         LINE#         70
  C:0003H         LINE#         71
  C:000CH         LINE#         78
  C:000FH         LINE#         79
  C:0018H         LINE#         80
  C:001BH         LINE#         81
  C:0024H         LINE#         82
  C:002DH         LINE#         83
  C:0030H         LINE#         84
  C:0037H         LINE#         85
  C:003AH         LINE#         86
  C:003AH         LINE#         87
  C:003AH         LINE#         88
  C:0045H         LINE#         89
  C:004BH         LINE#         90
  C:004BH         LINE#         92
  C:0058H         LINE#         93
  C:0080H         LINE#         94
  C:00A8H         LINE#         95
  C:00D0H         LINE#         96
  C:00F8H         LINE#         97
  C:011FH         LINE#         98
  C:0145H         LINE#         99
  C:016AH         LINE#         100
  C:018EH         LINE#         101
  C:01A3H         LINE#         103
  C:0227H         LINE#         104
  C:02F6H         LINE#         105
  C:0301H         LINE#         106
BL51 BANKED LINKER/LOCATER V6.22.2.0                                                  06/07/2023  12:44:08  PAGE 5


  C:031BH         LINE#         107
  C:0328H         LINE#         108
  C:033CH         LINE#         109
  C:0362H         LINE#         110
  C:0387H         LINE#         111
  C:03ABH         LINE#         112
  C:03C0H         LINE#         114
  C:0405H         LINE#         119
  C:043EH         LINE#         123
  C:0445H         LINE#         124
  C:044CH         LINE#         125
  C:0458H         LINE#         126
  C:0464H         LINE#         127
  C:0470H         LINE#         128
  C:047CH         LINE#         129
  C:0488H         LINE#         130
  C:0494H         LINE#         131
  C:04A0H         LINE#         132
  C:04ACH         LINE#         140
  C:04B8H         LINE#         141
  C:04C4H         LINE#         142
  C:04D0H         LINE#         143
  C:04D9H         LINE#         144
  C:04E5H         LINE#         145
  C:04F1H         LINE#         146
  C:04FDH         LINE#         147
  C:0509H         LINE#         148
  C:0515H         LINE#         150
  C:051DH         LINE#         151
  C:0525H         LINE#         152
  C:052DH         LINE#         153
  C:0535H         LINE#         155
  C:053DH         LINE#         156
  C:0545H         LINE#         157
  C:0550H         LINE#         158
  C:055BH         LINE#         159
  C:0566H         LINE#         160
  C:0571H         LINE#         161
  C:057CH         LINE#         162
  C:0587H         LINE#         163
  C:0592H         LINE#         164
  C:059DH         LINE#         165
  C:05A6H         LINE#         166
  C:05A6H         LINE#         167
  -------         ENDPROC       MAIN
  C:0F9BH         SYMBOL        L?0160
  -------         PROC          L?0159
  -------         ENDPROC       L?0159
  C:0F9BH         SYMBOL        L?0160
  -------         PROC          _DELAY
  D:0006H         SYMBOL        Count
  -------         DO            
  D:0005H         SYMBOL        i
  D:0004H         SYMBOL        j
  -------         ENDDO         
  C:0F9FH         LINE#         172
  C:0F9FH         LINE#         173
BL51 BANKED LINKER/LOCATER V6.22.2.0                                                  06/07/2023  12:44:08  PAGE 6


  C:0F9FH         LINE#         175
  C:0FA9H         LINE#         176
  C:0FA9H         LINE#         177
  C:0FB5H         LINE#         178
  C:0FC7H         LINE#         179
  C:0FC7H         LINE#         180
  -------         ENDPROC       _DELAY
  -------         PROC          L?0162
  -------         ENDPROC       L?0162
  -------         PROC          DELAY150US
  -------         DO            
  D:0007H         SYMBOL        i
  D:0006H         SYMBOL        j
  -------         ENDDO         
  C:1054H         LINE#         185
  C:1054H         LINE#         186
  C:1054H         LINE#         188
  C:1055H         LINE#         189
  C:1056H         LINE#         190
  C:1058H         LINE#         191
  C:105AH         LINE#         193
  C:105AH         LINE#         194
  C:105CH         LINE#         195
  C:105EH         LINE#         196
  -------         ENDPROC       DELAY150US
  -------         PROC          DELAY384US
  -------         DO            
  D:0007H         SYMBOL        i
  D:0006H         SYMBOL        j
  -------         ENDDO         
  C:105FH         LINE#         201
  C:105FH         LINE#         202
  C:105FH         LINE#         204
  C:1060H         LINE#         205
  C:1061H         LINE#         206
  C:1063H         LINE#         207
  C:1065H         LINE#         209
  C:1065H         LINE#         210
  C:1067H         LINE#         211
  C:1069H         LINE#         212
  -------         ENDPROC       DELAY384US
  -------         PROC          IO_INIT
  C:0F69H         LINE#         216
  C:0F69H         LINE#         217
  C:0F69H         LINE#         219
  C:0F6CH         LINE#         220
  C:0F6FH         LINE#         222
  C:0F72H         LINE#         223
  C:0F75H         LINE#         225
  C:0F78H         LINE#         226
  C:0F7BH         LINE#         228
  C:0F7EH         LINE#         229
  C:0F81H         LINE#         231
  C:0F84H         LINE#         232
  C:0F87H         LINE#         234
  C:0F8AH         LINE#         235
  C:0F8DH         LINE#         237
BL51 BANKED LINKER/LOCATER V6.22.2.0                                                  06/07/2023  12:44:08  PAGE 7


  C:0F90H         LINE#         238
  C:0F93H         LINE#         239
  C:0F96H         LINE#         240
  C:0F98H         LINE#         241
  C:0F9AH         LINE#         242
  -------         ENDPROC       IO_INIT
  -------         PROC          _SYSCLK_CCO
  D:0007H         SYMBOL        TYPE
  D:0005H         SYMBOL        SET_F
  D:0060H         SYMBOL        SET_P
  C:0CE3H         LINE#         248
  C:0CE5H         LINE#         249
  C:0CE5H         LINE#         250
  C:0CE8H         LINE#         251
  C:0CF1H         LINE#         252
  C:0CF1H         LINE#         253
  C:0CF1H         LINE#         254
  C:0CF1H         LINE#         255
  C:0CF8H         LINE#         256
  C:0CFFH         LINE#         258
  C:0D06H         LINE#         259
  C:0D0AH         LINE#         260
  C:0D0CH         LINE#         261
  C:0D0CH         LINE#         262
  C:0D0CH         LINE#         263
  C:0D0CH         LINE#         264
  C:0D0CH         LINE#         265
  C:0D13H         LINE#         266
  C:0D1AH         LINE#         267
  C:0D21H         LINE#         268
  C:0D21H         LINE#         269
  C:0D21H         LINE#         270
  C:0D44H         LINE#         271
  C:0D44H         LINE#         272
  C:0D51H         LINE#         273
  C:0D5EH         LINE#         274
  C:0D6BH         LINE#         275
  C:0D78H         LINE#         276
  C:0D85H         LINE#         277
  C:0D92H         LINE#         278
  C:0D9FH         LINE#         279
  C:0DACH         LINE#         280
  C:0DB7H         LINE#         281
  C:0DB7H         LINE#         282
  C:0DBEH         LINE#         283
  C:0DC4H         LINE#         285
  C:0DC8H         LINE#         286
  C:0DCBH         LINE#         287
  -------         ENDPROC       _SYSCLK_CCO
  -------         PROC          LCD1602_INIT
  C:0EFDH         LINE#         291
  C:0EFDH         LINE#         292
  C:0EFDH         LINE#         293
  C:0F07H         LINE#         294
  C:0F0CH         LINE#         295
  C:0F11H         LINE#         296
  C:0F1BH         LINE#         297
BL51 BANKED LINKER/LOCATER V6.22.2.0                                                  06/07/2023  12:44:08  PAGE 8


  C:0F25H         LINE#         298
  -------         ENDPROC       LCD1602_INIT
  -------         PROC          LCD1602_DIS
  -------         DO            
  D:0060H         SYMBOL        i
  -------         ENDDO         
  C:0E58H         LINE#         303
  C:0E58H         LINE#         304
  C:0E58H         LINE#         306
  C:0E5FH         LINE#         307
  C:0E66H         LINE#         308
  C:0E74H         LINE#         309
  C:0E74H         LINE#         310
  C:0E79H         LINE#         311
  C:0E80H         LINE#         312
  C:0E84H         LINE#         313
  C:0E8BH         LINE#         314
  C:0E92H         LINE#         315
  C:0EA0H         LINE#         316
  C:0EA0H         LINE#         317
  C:0EA5H         LINE#         318
  C:0EACH         LINE#         319
  C:0EB0H         LINE#         320
  -------         ENDPROC       LCD1602_DIS
  -------         PROC          L?0161
  -------         ENDPROC       L?0161
  -------         PROC          _LCD1602_WRITE
  D:0003H         SYMBOL        cmdordata
  D:0005H         SYMBOL        writetype
  -------         DO            
  D:0007H         SYMBOL        temp
  -------         ENDDO         
  C:0EB8H         LINE#         325
  C:0EBAH         LINE#         326
  C:0EBAH         LINE#         327
  C:0EBAH         LINE#         328
  C:0EBFH         LINE#         329
  C:0EC6H         LINE#         330
  C:0EC9H         LINE#         331
  C:0ECDH         LINE#         332
  C:0ED1H         LINE#         333
  C:0EDAH         LINE#         334
  C:0EE3H         LINE#         335
  C:0EE6H         LINE#         336
  C:0EEBH         LINE#         337
  C:0EF4H         LINE#         338
  -------         ENDPROC       _LCD1602_WRITE
  -------         PROC          L?0157
  -------         ENDPROC       L?0157
  -------         PROC          _LCD1602_DIS_CHAR
  D:0007H         SYMBOL        x
  D:0005H         SYMBOL        y
  D:0060H         SYMBOL        z
  -------         DO            
  D:0001H         SYMBOL        address
  -------         ENDDO         
  C:0FF4H         LINE#         344
BL51 BANKED LINKER/LOCATER V6.22.2.0                                                  06/07/2023  12:44:08  PAGE 9


  C:0FF6H         LINE#         345
  C:0FF6H         LINE#         347
  C:0FFBH         LINE#         348
  C:1001H         LINE#         350
  C:1005H         LINE#         351
  C:100CH         LINE#         352
  -------         ENDPROC       _LCD1602_DIS_CHAR
  -------         PROC          UART1_INIT
  C:1036H         LINE#         357
  C:1036H         LINE#         358
  C:1036H         LINE#         359
  C:1039H         LINE#         360
  C:103CH         LINE#         361
  C:103FH         LINE#         362
  C:1042H         LINE#         363
  C:1045H         LINE#         364
  C:1048H         LINE#         365
  C:104CH         LINE#         366
  -------         ENDPROC       UART1_INIT
  -------         PROC          _U1SEND_C
  D:0007H         SYMBOL        SEND_C
  C:106AH         LINE#         371
  C:106AH         LINE#         372
  C:106AH         LINE#         373
  C:106CH         LINE#         374
  C:106EH         LINE#         375
  C:1071H         LINE#         376
  -------         ENDPROC       _U1SEND_C
  -------         PROC          _PUTCHAR
  D:0006H         SYMBOL        ch
  C:1072H         LINE#         380
  C:1074H         LINE#         381
  C:1074H         LINE#         382
  -------         ENDPROC       _PUTCHAR
  -------         PROC          L?0158
  -------         ENDPROC       L?0158
  -------         PROC          _TTS
  D:0005H         SYMBOL        num
  C:1016H         LINE#         388
  C:1018H         LINE#         389
  C:1018H         LINE#         390
  C:1018H         LINE#         391
  C:1018H         LINE#         392
  C:1018H         LINE#         393
  C:101BH         LINE#         394
  C:101BH         LINE#         395
  C:101BH         LINE#         396
  C:101BH         LINE#         397
  C:101EH         LINE#         398
  C:1028H         LINE#         399
  C:1028H         LINE#         400
  C:102AH         LINE#         401
  C:102DH         LINE#         402
  C:102FH         LINE#         403
  C:1032H         LINE#         404
  C:1033H         LINE#         405
  C:1035H         LINE#         406
BL51 BANKED LINKER/LOCATER V6.22.2.0                                                  06/07/2023  12:44:08  PAGE 10


  -------         ENDPROC       _TTS
  -------         PROC          READ_CARD
  -------         DO            
  D:0060H         SYMBOL        i
  D:0061H         SYMBOL        timeout
  D:0062H         SYMBOL        timeout_flag
  D:0003H         SYMBOL        row
  D:0002H         SYMBOL        col
  D:0001H         SYMBOL        row_parity
  D:0063H         SYMBOL        col_parity
  D:0068H         SYMBOL        M_data
  D:0069H         SYMBOL        temp
  D:006DH         SYMBOL        search
  -------         ENDDO         
  C:0B29H         LINE#         410
  C:0B29H         LINE#         411
  C:0B29H         LINE#         412
  C:0B2CH         LINE#         420
  C:0B34H         LINE#         421
  C:0B34H         LINE#         422
  C:0B34H         LINE#         424
  C:0B48H         LINE#         425
  C:0B4DH         LINE#         427
  C:0B62H         LINE#         428
  C:0B65H         LINE#         430
  C:0B68H         LINE#         431
  C:0B68H         LINE#         432
  C:0B70H         LINE#         433
  C:0B70H         LINE#         435
  C:0B72H         LINE#         436
  C:0B74H         LINE#         438
  C:0B7AH         LINE#         439
  C:0B7AH         LINE#         441
  C:0B7DH         LINE#         443
  C:0B80H         LINE#         444
  C:0B83H         LINE#         445
  C:0B83H         LINE#         446
  C:0B90H         LINE#         447
  C:0B90H         LINE#         448
  C:0B93H         LINE#         449
  C:0B96H         LINE#         450
  C:0B96H         LINE#         451
  C:0B9EH         LINE#         452
  C:0B9EH         LINE#         453
  C:0BA3H         LINE#         454
  C:0BA3H         LINE#         455
  C:0BA5H         LINE#         456
  C:0BA7H         LINE#         457
  C:0BAAH         LINE#         458
  C:0BB1H         LINE#         461
  C:0BB1H         LINE#         462
  C:0BB5H         LINE#         464
  C:0BB9H         LINE#         465
  C:0BB9H         LINE#         466
  C:0BBBH         LINE#         467
  C:0BBBH         LINE#         470
  C:0BC4H         LINE#         471
BL51 BANKED LINKER/LOCATER V6.22.2.0                                                  06/07/2023  12:44:08  PAGE 11


  C:0BC4H         LINE#         472
  C:0BC6H         LINE#         473
  C:0BC8H         LINE#         474
  C:0BCBH         LINE#         475
  C:0BCBH         LINE#         476
  C:0BD3H         LINE#         477
  C:0BD3H         LINE#         478
  C:0BD7H         LINE#         479
  C:0BD7H         LINE#         480
  C:0BD9H         LINE#         481
  C:0BDBH         LINE#         482
  C:0BDFH         LINE#         483
  C:0BDFH         LINE#         484
  C:0BE5H         LINE#         485
  C:0BE5H         LINE#         489
  C:0BECH         LINE#         490
  C:0BF0H         LINE#         491
  C:0BFEH         LINE#         493
  C:0BFEH         LINE#         494
  C:0C0EH         LINE#         495
  C:0C0EH         LINE#         496
  C:0C11H         LINE#         497
  C:0C14H         LINE#         498
  C:0C19H         LINE#         500
  C:0C1CH         LINE#         502
  C:0C30H         LINE#         504
  C:0C30H         LINE#         505
  C:0C45H         LINE#         506
  C:0C5EH         LINE#         507
  C:0C5EH         LINE#         510
  C:0C62H         LINE#         511
  C:0C6AH         LINE#         513
  C:0C6DH         LINE#         514
  C:0C77H         LINE#         515
  C:0C77H         LINE#         516
  C:0C7FH         LINE#         517
  C:0C7FH         LINE#         518
  C:0C84H         LINE#         519
  C:0C84H         LINE#         520
  C:0C86H         LINE#         521
  C:0C88H         LINE#         522
  C:0C8CH         LINE#         523
  C:0C8CH         LINE#         525
  C:0C90H         LINE#         527
  C:0C9AH         LINE#         529
  C:0C9AH         LINE#         530
  C:0CA2H         LINE#         532
  C:0CA2H         LINE#         533
  C:0CABH         LINE#         534
  C:0CAEH         LINE#         535
  C:0CB0H         LINE#         536
  C:0CB0H         LINE#         538
  C:0CB0H         LINE#         540
  C:0CB4H         LINE#         543
  C:0CCCH         LINE#         546
  C:0CCCH         LINE#         547
  C:0CCFH         LINE#         548
BL51 BANKED LINKER/LOCATER V6.22.2.0                                                  06/07/2023  12:44:08  PAGE 12


  C:0CD7H         LINE#         549
  C:0CDAH         LINE#         550
  C:0CDAH         LINE#         552
  C:0CE2H         LINE#         553
  C:0CE2H         LINE#         554
  C:0CE2H         LINE#         555
  C:0CE2H         LINE#         556
  C:0CE2H         LINE#         557
  C:0CE2H         LINE#         558
  -------         ENDPROC       READ_CARD
  -------         ENDMOD        MAIN

  -------         MODULE        ?C?UIDIV
  C:0905H         PUBLIC        ?C?UIDIV
  -------         ENDMOD        ?C?UIDIV

  -------         MODULE        ?C?LMUL
  C:095AH         PUBLIC        ?C?LMUL
  -------         ENDMOD        ?C?LMUL

  -------         MODULE        ?C?ULDIV
  C:09E5H         PUBLIC        ?C?ULDIV
  -------         ENDMOD        ?C?ULDIV

  -------         MODULE        ?C?ULCMP
  C:0A77H         PUBLIC        ?C?ULCMP
  -------         ENDMOD        ?C?ULCMP

  -------         MODULE        ?C?LSHL
  C:0A88H         PUBLIC        ?C?LSHL
  -------         ENDMOD        ?C?LSHL

  -------         MODULE        ?C?CCASE
  C:0A9BH         PUBLIC        ?C?CCASE
  -------         ENDMOD        ?C?CCASE

  -------         MODULE        PRINTF
  D:0060H         PUBLIC        ?_PRINTF517?BYTE
  D:0060H         PUBLIC        ?_PRINTF?BYTE
  D:0060H         PUBLIC        ?_SPRINTF517?BYTE
  D:0060H         PUBLIC        ?_SPRINTF?BYTE
  C:060BH         PUBLIC        _PRINTF
  C:060BH         PUBLIC        _PRINTF517
  C:0605H         PUBLIC        _SPRINTF
  C:0605H         PUBLIC        _SPRINTF517
  -------         ENDMOD        PRINTF

  -------         MODULE        ?C?CLDPTR
  C:0AC1H         PUBLIC        ?C?CLDPTR
  -------         ENDMOD        ?C?CLDPTR

  -------         MODULE        ?C?CLDOPTR
  C:0ADAH         PUBLIC        ?C?CLDOPTR
  -------         ENDMOD        ?C?CLDOPTR

  -------         MODULE        ?C?CSTPTR
  C:0B07H         PUBLIC        ?C?CSTPTR
BL51 BANKED LINKER/LOCATER V6.22.2.0                                                  06/07/2023  12:44:08  PAGE 13


  -------         ENDMOD        ?C?CSTPTR

  -------         MODULE        ?C?PLDIIDATA
  C:0B19H         PUBLIC        ?C?PLDIIDATA
  -------         ENDMOD        ?C?PLDIIDATA

Program Size: data=92.1 xdata=0 code=4215
LINK/LOCATE RUN COMPLETE.  0 WARNING(S),  0 ERROR(S)
