BL51 BANKED LINKER/LOCATER V6.22.2.0                                                    06/07/2023  12:43:12  PAGE 1


BL51 BANKED LINKER/LOCATER V6.22.2.0, INVOKED BY:
D:\KEIL_V5\C51\BIN\BL51.EXE .\Objects\main.obj TO .\Objects\test PRINT (.\Listings\test.m51) RAMSIZE (256)


MEMORY MODEL: SMALL


INPUT MODULES INCLUDED:
  .\Objects\main.obj (MAIN)
  D:\KEIL_V5\C51\LIB\C51S.LIB (?C_STARTUP)
  D:\KEIL_V5\C51\LIB\C51S.LIB (?C?ULDIV)
  D:\KEIL_V5\C51\LIB\C51S.LIB (?C?ULCMP)
  D:\KEIL_V5\C51\LIB\C51S.LIB (?C?LSHL)
  D:\KEIL_V5\C51\LIB\C51S.LIB (?C?CCASE)
  D:\KEIL_V5\C51\LIB\C51S.LIB (?C?LCASE)
  D:\KEIL_V5\C51\LIB\C51S.LIB (?C_INIT)


LINK MAP OF MODULE:  .\Objects\test (MAIN)


            TYPE    BASE      LENGTH    RELOCATION   SEGMENT NAME
            -----------------------------------------------------

            * * * * * * *   D A T A   M E M O R Y   * * * * * * *
            REG     0000H     0008H     ABSOLUTE     "REG BANK 0"
            DATA    0008H     002CH     UNIT         ?DT?MAIN
            DATA    0034H     0015H     UNIT         _DATA_GROUP_
            IDATA   0049H     0001H     UNIT         ?STACK

            * * * * * * *   C O D E   M E M O R Y   * * * * * * *
            CODE    0000H     0003H     ABSOLUTE     
            CODE    0003H     032EH     UNIT         ?PR?MAIN?MAIN
            CODE    0331H     01BAH     UNIT         ?PR?READ_CARD?MAIN
            CODE    04EBH     0152H     UNIT         ?C?LIB_CODE
            CODE    063DH     00E9H     UNIT         ?PR?_SYSCLK_CCO?MAIN
            CODE    0726H     008CH     UNIT         ?C_C51STARTUP
            CODE    07B2H     0059H     UNIT         ?PR?LCD1602_DIS?MAIN
            CODE    080BH     004CH     UNIT         ?PR?_LCD1602_WRITE?MAIN
            CODE    0857H     003AH     UNIT         ?PR?IO_INIT?MAIN
            CODE    0891H     0036H     UNIT         ?PR?LCD1602_INIT?MAIN
            CODE    08C7H     002DH     UNIT         ?PR?_DELAY?MAIN
            CODE    08F4H     0027H     UNIT         ?C_INITSEG
            CODE    091BH     0024H     UNIT         ?PR?_LCD1602_DIS_CHAR?MAIN
            CODE    093FH     0020H     UNIT         ?PR?_TTS?MAIN
            CODE    095FH     0012H     UNIT         ?PR?DELAY150US?MAIN
            CODE    0971H     000BH     UNIT         ?PR?DELAY384US?MAIN



OVERLAY MAP OF MODULE:   .\Objects\test (MAIN)


SEGMENT                              DATA_GROUP 
  +--> CALLED SEGMENT              START    LENGTH
--------------------------------------------------
?C_C51STARTUP                      -----    -----
  +--> ?PR?MAIN?MAIN
BL51 BANKED LINKER/LOCATER V6.22.2.0                                                  06/07/2023  12:43:12  PAGE 2


  +--> ?C_INITSEG

?PR?MAIN?MAIN                      0034H    0004H
  +--> ?PR?IO_INIT?MAIN
  +--> ?PR?_SYSCLK_CCO?MAIN
  +--> ?PR?_DELAY?MAIN
  +--> ?PR?LCD1602_INIT?MAIN
  +--> ?PR?LCD1602_DIS?MAIN
  +--> ?PR?_TTS?MAIN
  +--> ?PR?READ_CARD?MAIN
  +--> ?PR?_LCD1602_DIS_CHAR?MAIN

?PR?IO_INIT?MAIN                   -----    -----
  +--> ?PR?_DELAY?MAIN

?PR?_SYSCLK_CCO?MAIN               0038H    0001H

?PR?LCD1602_INIT?MAIN              -----    -----
  +--> ?PR?_LCD1602_WRITE?MAIN
  +--> ?PR?_DELAY?MAIN

?PR?_LCD1602_WRITE?MAIN            -----    -----
  +--> ?PR?_DELAY?MAIN

?PR?LCD1602_DIS?MAIN               0038H    0001H
  +--> ?PR?_LCD1602_WRITE?MAIN
  +--> ?PR?_DELAY?MAIN

?PR?_TTS?MAIN                      -----    -----
  +--> ?PR?DELAY150US?MAIN

?PR?READ_CARD?MAIN                 0038H    0011H
  +--> ?PR?DELAY384US?MAIN

?PR?_LCD1602_DIS_CHAR?MAIN         0038H    0001H
  +--> ?PR?_LCD1602_WRITE?MAIN



SYMBOL TABLE OF MODULE:  .\Objects\test (MAIN)

  VALUE           TYPE          NAME
  ----------------------------------

  -------         MODULE        MAIN
  C:0000H         SYMBOL        _ICE_DUMMY_
  D:0092H         PUBLIC        P1M0
  D:0091H         PUBLIC        P1M1
  D:0080H         PUBLIC        P0
  D:00B2H         PUBLIC        P3M0
  D:0090H         PUBLIC        P1
  D:00B1H         PUBLIC        P3M1
  D:00A0H         PUBLIC        P2
  D:00CAH         PUBLIC        P5M0
  D:00B0H         PUBLIC        P3
  D:00C9H         PUBLIC        P5M1
  D:00C0H         PUBLIC        P4
BL51 BANKED LINKER/LOCATER V6.22.2.0                                                  06/07/2023  12:43:12  PAGE 3


  D:00C8H         PUBLIC        P5
  D:00E8H         PUBLIC        P6
  D:00F8H         PUBLIC        P7
  C:0812H         PUBLIC        _LCD1602_Write
  D:00BAH         PUBLIC        P_SW2
  D:00A8H         PUBLIC        IE
  C:063DH         PUBLIC        _SYSCLK_CCO
  C:08CBH         PUBLIC        _delay
  D:00B8H         PUBLIC        IP
  B:0090H.5       PUBLIC        DATA
  C:0971H         PUBLIC        delay384us
  D:00D8H         PUBLIC        CCON
  C:0003H         PUBLIC        main
  C:0857H         PUBLIC        IO_init
  D:0098H         PUBLIC        SCON
  C:0891H         PUBLIC        LCD1602_init
  D:0088H         PUBLIC        TCON
  D:0012H         PUBLIC        table1
  D:0023H         PUBLIC        table2
  B:0090H.4       PUBLIC        BUSY
  B:0090H.7       PUBLIC        ROTP
  C:0331H         PUBLIC        Read_Card
  C:0920H         PUBLIC        _LCD1602_DIS_CHAR
  C:07B2H         PUBLIC        LCD1602_DIS
  B:00B0H.7       PUBLIC        LCDEN
  B:00B0H.2       PUBLIC        Mcode
  C:0966H         PUBLIC        Delay150us
  B:00C8H.5       PUBLIC        RLY
  B:00B0H.6       PUBLIC        LCDRS
  D:00D0H         PUBLIC        PSW
  C:093FH         PUBLIC        _TTS
  -------         PROC          MAIN
  -------         DO            
  D:0034H         SYMBOL        SN
  D:0008H         SYMBOL        bit10_0
  D:0009H         SYMBOL        bit10_1
  D:000AH         SYMBOL        bit10_2
  D:000BH         SYMBOL        bit10_3
  D:000CH         SYMBOL        bit10_4
  D:000DH         SYMBOL        bit10_5
  D:000EH         SYMBOL        bit10_6
  D:000FH         SYMBOL        bit10_7
  D:0010H         SYMBOL        bit10_8
  D:0011H         SYMBOL        bit10_9
  -------         ENDDO         
  C:0003H         LINE#         63
  C:0003H         LINE#         64
  C:0003H         LINE#         65
  C:000CH         LINE#         68
  C:000FH         LINE#         69
  C:0018H         LINE#         70
  C:0021H         LINE#         71
  C:002AH         LINE#         72
  C:002DH         LINE#         73
  C:0034H         LINE#         74
  C:0037H         LINE#         75
  C:003FH         LINE#         76
BL51 BANKED LINKER/LOCATER V6.22.2.0                                                  06/07/2023  12:43:12  PAGE 4


  C:0047H         LINE#         77
  C:0047H         LINE#         78
  C:0047H         LINE#         79
  C:0052H         LINE#         80
  C:0058H         LINE#         81
  C:0058H         LINE#         83
  C:0065H         LINE#         84
  C:008DH         LINE#         85
  C:00B5H         LINE#         86
  C:00DDH         LINE#         87
  C:0105H         LINE#         88
  C:012CH         LINE#         89
  C:0152H         LINE#         90
  C:0177H         LINE#         91
  C:019BH         LINE#         92
  C:01B0H         LINE#         94
  C:01B7H         LINE#         95
  C:01BEH         LINE#         96
  C:01CAH         LINE#         97
  C:01D6H         LINE#         98
  C:01E2H         LINE#         99
  C:01EEH         LINE#         100
  C:01FAH         LINE#         101
  C:0206H         LINE#         102
  C:0212H         LINE#         103
  C:021EH         LINE#         104
  C:0239H         LINE#         105
  C:0239H         LINE#         106
  C:0239H         LINE#         107
  C:0239H         LINE#         109
  C:0242H         LINE#         110
  C:024BH         LINE#         111
  C:0254H         LINE#         112
  C:025DH         LINE#         113
  C:0266H         LINE#         114
  C:0268H         LINE#         115
  C:0270H         LINE#         116
  C:0278H         LINE#         117
  C:0280H         LINE#         118
  C:028DH         LINE#         119
  C:028DH         LINE#         120
  C:028DH         LINE#         121
  C:028DH         LINE#         123
  C:0296H         LINE#         124
  C:029FH         LINE#         125
  C:02A8H         LINE#         126
  C:02B1H         LINE#         127
  C:02BAH         LINE#         128
  C:02BCH         LINE#         129
  C:02C4H         LINE#         130
  C:02CCH         LINE#         131
  C:02D4H         LINE#         132
  C:02DEH         LINE#         133
  C:02DEH         LINE#         134
  C:02DEH         LINE#         135
  C:02DEH         LINE#         137
  C:02E7H         LINE#         138
BL51 BANKED LINKER/LOCATER V6.22.2.0                                                  06/07/2023  12:43:12  PAGE 5


  C:02F0H         LINE#         139
  C:02F9H         LINE#         140
  C:0302H         LINE#         141
  C:030BH         LINE#         142
  C:030DH         LINE#         143
  C:0315H         LINE#         144
  C:031DH         LINE#         145
  C:0325H         LINE#         146
  C:0325H         LINE#         147
  C:0325H         LINE#         148
  C:032EH         LINE#         149
  C:032EH         LINE#         150
  -------         ENDPROC       MAIN
  C:08C7H         SYMBOL        L?0156
  -------         PROC          L?0155
  -------         ENDPROC       L?0155
  C:08C7H         SYMBOL        L?0156
  -------         PROC          _DELAY
  D:0006H         SYMBOL        Count
  -------         DO            
  D:0005H         SYMBOL        i
  D:0004H         SYMBOL        j
  -------         ENDDO         
  C:08CBH         LINE#         155
  C:08CBH         LINE#         156
  C:08CBH         LINE#         158
  C:08D5H         LINE#         159
  C:08D5H         LINE#         160
  C:08E1H         LINE#         161
  C:08F3H         LINE#         162
  C:08F3H         LINE#         163
  -------         ENDPROC       _DELAY
  -------         PROC          L?0158
  -------         ENDPROC       L?0158
  -------         PROC          DELAY150US
  -------         DO            
  D:0007H         SYMBOL        i
  D:0006H         SYMBOL        j
  -------         ENDDO         
  C:0966H         LINE#         168
  C:0966H         LINE#         169
  C:0966H         LINE#         171
  C:0967H         LINE#         172
  C:0968H         LINE#         173
  C:096AH         LINE#         174
  C:096CH         LINE#         176
  C:096CH         LINE#         177
  C:096EH         LINE#         178
  C:0970H         LINE#         179
  -------         ENDPROC       DELAY150US
  -------         PROC          DELAY384US
  -------         DO            
  D:0007H         SYMBOL        i
  D:0006H         SYMBOL        j
  -------         ENDDO         
  C:0971H         LINE#         184
  C:0971H         LINE#         185
BL51 BANKED LINKER/LOCATER V6.22.2.0                                                  06/07/2023  12:43:12  PAGE 6


  C:0971H         LINE#         187
  C:0972H         LINE#         188
  C:0973H         LINE#         189
  C:0975H         LINE#         190
  C:0977H         LINE#         192
  C:0977H         LINE#         193
  C:0979H         LINE#         194
  C:097BH         LINE#         195
  -------         ENDPROC       DELAY384US
  -------         PROC          IO_INIT
  C:0857H         LINE#         199
  C:0857H         LINE#         200
  C:0857H         LINE#         202
  C:085AH         LINE#         203
  C:085DH         LINE#         205
  C:0860H         LINE#         206
  C:0863H         LINE#         208
  C:0866H         LINE#         209
  C:0869H         LINE#         211
  C:086CH         LINE#         212
  C:086FH         LINE#         214
  C:0872H         LINE#         215
  C:0875H         LINE#         217
  C:0878H         LINE#         218
  C:087BH         LINE#         220
  C:087EH         LINE#         221
  C:0881H         LINE#         223
  C:0884H         LINE#         224
  C:0887H         LINE#         225
  C:088AH         LINE#         226
  C:088CH         LINE#         227
  C:088EH         LINE#         228
  C:0890H         LINE#         229
  -------         ENDPROC       IO_INIT
  -------         PROC          _SYSCLK_CCO
  D:0007H         SYMBOL        TYPE
  D:0005H         SYMBOL        SET_F
  D:0038H         SYMBOL        SET_P
  C:063DH         LINE#         235
  C:063FH         LINE#         236
  C:063FH         LINE#         237
  C:0642H         LINE#         238
  C:064BH         LINE#         239
  C:064BH         LINE#         240
  C:064BH         LINE#         241
  C:064BH         LINE#         242
  C:0652H         LINE#         243
  C:0659H         LINE#         245
  C:0660H         LINE#         246
  C:0664H         LINE#         247
  C:0666H         LINE#         248
  C:0666H         LINE#         249
  C:0666H         LINE#         250
  C:0666H         LINE#         251
  C:0666H         LINE#         252
  C:066DH         LINE#         253
  C:0674H         LINE#         254
BL51 BANKED LINKER/LOCATER V6.22.2.0                                                  06/07/2023  12:43:12  PAGE 7


  C:067BH         LINE#         255
  C:067BH         LINE#         256
  C:067BH         LINE#         257
  C:069EH         LINE#         258
  C:069EH         LINE#         259
  C:06ABH         LINE#         260
  C:06B8H         LINE#         261
  C:06C5H         LINE#         262
  C:06D2H         LINE#         263
  C:06DFH         LINE#         264
  C:06ECH         LINE#         265
  C:06F9H         LINE#         266
  C:0706H         LINE#         267
  C:0711H         LINE#         268
  C:0711H         LINE#         269
  C:0718H         LINE#         270
  C:071EH         LINE#         272
  C:0722H         LINE#         273
  C:0725H         LINE#         274
  -------         ENDPROC       _SYSCLK_CCO
  -------         PROC          LCD1602_INIT
  C:0891H         LINE#         278
  C:0891H         LINE#         279
  C:0891H         LINE#         280
  C:089BH         LINE#         281
  C:08A0H         LINE#         282
  C:08A5H         LINE#         283
  C:08AFH         LINE#         284
  C:08B9H         LINE#         285
  -------         ENDPROC       LCD1602_INIT
  -------         PROC          LCD1602_DIS
  -------         DO            
  D:0038H         SYMBOL        i
  -------         ENDDO         
  C:07B2H         LINE#         290
  C:07B2H         LINE#         291
  C:07B2H         LINE#         293
  C:07B9H         LINE#         294
  C:07C0H         LINE#         295
  C:07CEH         LINE#         296
  C:07CEH         LINE#         297
  C:07D3H         LINE#         298
  C:07DAH         LINE#         299
  C:07DEH         LINE#         300
  C:07E5H         LINE#         301
  C:07ECH         LINE#         302
  C:07FAH         LINE#         303
  C:07FAH         LINE#         304
  C:07FFH         LINE#         305
  C:0806H         LINE#         306
  C:080AH         LINE#         307
  -------         ENDPROC       LCD1602_DIS
  -------         PROC          L?0157
  -------         ENDPROC       L?0157
  -------         PROC          _LCD1602_WRITE
  D:0003H         SYMBOL        cmdordata
  D:0005H         SYMBOL        writetype
BL51 BANKED LINKER/LOCATER V6.22.2.0                                                  06/07/2023  12:43:12  PAGE 8


  -------         DO            
  D:0007H         SYMBOL        temp
  -------         ENDDO         
  C:0812H         LINE#         312
  C:0814H         LINE#         313
  C:0814H         LINE#         314
  C:0814H         LINE#         315
  C:0819H         LINE#         316
  C:0820H         LINE#         317
  C:0823H         LINE#         318
  C:0827H         LINE#         319
  C:082BH         LINE#         320
  C:0834H         LINE#         321
  C:083DH         LINE#         322
  C:0840H         LINE#         323
  C:0845H         LINE#         324
  C:084EH         LINE#         325
  -------         ENDPROC       _LCD1602_WRITE
  -------         PROC          L?0154
  -------         ENDPROC       L?0154
  -------         PROC          _LCD1602_DIS_CHAR
  D:0007H         SYMBOL        x
  D:0005H         SYMBOL        y
  D:0038H         SYMBOL        z
  -------         DO            
  D:0001H         SYMBOL        address
  -------         ENDDO         
  C:0920H         LINE#         331
  C:0922H         LINE#         332
  C:0922H         LINE#         334
  C:0927H         LINE#         335
  C:092DH         LINE#         337
  C:0931H         LINE#         338
  C:0938H         LINE#         339
  -------         ENDPROC       _LCD1602_DIS_CHAR
  -------         PROC          _TTS
  D:0005H         SYMBOL        num
  C:093FH         LINE#         344
  C:0941H         LINE#         345
  C:0941H         LINE#         346
  C:0941H         LINE#         347
  C:0941H         LINE#         348
  C:0941H         LINE#         349
  C:0944H         LINE#         350
  C:0944H         LINE#         351
  C:0944H         LINE#         352
  C:0944H         LINE#         353
  C:0947H         LINE#         354
  C:0951H         LINE#         355
  C:0951H         LINE#         356
  C:0953H         LINE#         357
  C:0956H         LINE#         358
  C:0958H         LINE#         359
  C:095BH         LINE#         360
  C:095CH         LINE#         361
  C:095EH         LINE#         362
  -------         ENDPROC       _TTS
BL51 BANKED LINKER/LOCATER V6.22.2.0                                                  06/07/2023  12:43:12  PAGE 9


  -------         PROC          READ_CARD
  -------         DO            
  D:0038H         SYMBOL        i
  D:0039H         SYMBOL        timeout
  D:003AH         SYMBOL        timeout_flag
  D:0003H         SYMBOL        row
  D:0002H         SYMBOL        col
  D:0001H         SYMBOL        row_parity
  D:003BH         SYMBOL        col_parity
  D:0040H         SYMBOL        M_data
  D:0041H         SYMBOL        temp
  D:0045H         SYMBOL        search
  -------         ENDDO         
  C:0331H         LINE#         366
  C:0331H         LINE#         367
  C:0331H         LINE#         368
  C:0334H         LINE#         376
  C:033CH         LINE#         377
  C:033CH         LINE#         378
  C:033CH         LINE#         380
  C:0350H         LINE#         381
  C:0355H         LINE#         383
  C:036AH         LINE#         384
  C:036DH         LINE#         386
  C:0370H         LINE#         387
  C:0370H         LINE#         388
  C:0378H         LINE#         389
  C:0378H         LINE#         391
  C:037AH         LINE#         392
  C:037CH         LINE#         394
  C:0382H         LINE#         395
  C:0382H         LINE#         397
  C:0385H         LINE#         399
  C:0388H         LINE#         400
  C:038BH         LINE#         401
  C:038BH         LINE#         402
  C:0398H         LINE#         403
  C:0398H         LINE#         404
  C:039BH         LINE#         405
  C:039EH         LINE#         406
  C:039EH         LINE#         407
  C:03A6H         LINE#         408
  C:03A6H         LINE#         409
  C:03ABH         LINE#         410
  C:03ABH         LINE#         411
  C:03ADH         LINE#         412
  C:03AFH         LINE#         413
  C:03B2H         LINE#         414
  C:03B9H         LINE#         417
  C:03B9H         LINE#         418
  C:03BDH         LINE#         420
  C:03C1H         LINE#         421
  C:03C1H         LINE#         422
  C:03C3H         LINE#         423
  C:03C3H         LINE#         426
  C:03CCH         LINE#         427
  C:03CCH         LINE#         428
BL51 BANKED LINKER/LOCATER V6.22.2.0                                                  06/07/2023  12:43:12  PAGE 10


  C:03CEH         LINE#         429
  C:03D0H         LINE#         430
  C:03D3H         LINE#         431
  C:03D3H         LINE#         432
  C:03DBH         LINE#         433
  C:03DBH         LINE#         434
  C:03DFH         LINE#         435
  C:03DFH         LINE#         436
  C:03E1H         LINE#         437
  C:03E3H         LINE#         438
  C:03E7H         LINE#         439
  C:03E7H         LINE#         440
  C:03EDH         LINE#         441
  C:03EDH         LINE#         445
  C:03F4H         LINE#         446
  C:03F8H         LINE#         447
  C:0406H         LINE#         449
  C:0406H         LINE#         450
  C:0416H         LINE#         451
  C:0416H         LINE#         452
  C:0419H         LINE#         453
  C:041CH         LINE#         454
  C:0421H         LINE#         456
  C:0424H         LINE#         458
  C:0438H         LINE#         460
  C:0438H         LINE#         461
  C:044DH         LINE#         462
  C:0466H         LINE#         463
  C:0466H         LINE#         466
  C:046AH         LINE#         467
  C:0472H         LINE#         469
  C:0475H         LINE#         470
  C:047FH         LINE#         471
  C:047FH         LINE#         472
  C:0487H         LINE#         473
  C:0487H         LINE#         474
  C:048CH         LINE#         475
  C:048CH         LINE#         476
  C:048EH         LINE#         477
  C:0490H         LINE#         478
  C:0494H         LINE#         479
  C:0494H         LINE#         481
  C:0498H         LINE#         483
  C:04A2H         LINE#         485
  C:04A2H         LINE#         486
  C:04AAH         LINE#         488
  C:04AAH         LINE#         489
  C:04B3H         LINE#         490
  C:04B6H         LINE#         491
  C:04B8H         LINE#         492
  C:04B8H         LINE#         494
  C:04B8H         LINE#         496
  C:04BCH         LINE#         499
  C:04D4H         LINE#         502
  C:04D4H         LINE#         503
  C:04D7H         LINE#         504
  C:04DFH         LINE#         505
BL51 BANKED LINKER/LOCATER V6.22.2.0                                                  06/07/2023  12:43:12  PAGE 11


  C:04E2H         LINE#         506
  C:04E2H         LINE#         508
  C:04EAH         LINE#         509
  C:04EAH         LINE#         510
  C:04EAH         LINE#         511
  C:04EAH         LINE#         512
  C:04EAH         LINE#         513
  C:04EAH         LINE#         514
  -------         ENDPROC       READ_CARD
  -------         ENDMOD        MAIN

  -------         MODULE        ?C?ULDIV
  C:0527H         PUBLIC        ?C?ULDIV
  -------         ENDMOD        ?C?ULDIV

  -------         MODULE        ?C?ULCMP
  C:05B9H         PUBLIC        ?C?ULCMP
  -------         ENDMOD        ?C?ULCMP

  -------         MODULE        ?C?LSHL
  C:05CAH         PUBLIC        ?C?LSHL
  -------         ENDMOD        ?C?LSHL

  -------         MODULE        ?C?CCASE
  C:05DDH         PUBLIC        ?C?CCASE
  -------         ENDMOD        ?C?CCASE

  -------         MODULE        ?C?LCASE
  C:0603H         PUBLIC        ?C?LCASE
  -------         ENDMOD        ?C?LCASE

Program Size: data=74.0 xdata=0 code=2428
LINK/LOCATE RUN COMPLETE.  0 WARNING(S),  0 ERROR(S)
