BL51 BANKED LINKER/LOCATER V6.22.2.0                                                    06/07/2023  12:39:02  PAGE 1


BL51 BANKED LINKER/LOCATER V6.22.2.0, INVOKED BY:
D:\KEIL_V5\C51\BIN\BL51.EXE .\Objects\main.obj TO .\Objects\test PRINT (.\Listings\test.m51) RAMSIZE (256)


MEMORY MODEL: SMALL


INPUT MODULES INCLUDED:
  .\Objects\main.obj (MAIN)
  D:\KEIL_V5\C51\LIB\C51S.LIB (?C_STARTUP)
  D:\KEIL_V5\C51\LIB\C51S.LIB (?C_INIT)


LINK MAP OF MODULE:  .\Objects\test (MAIN)


            TYPE    BASE      LENGTH    RELOCATION   SEGMENT NAME
            -----------------------------------------------------

            * * * * * * *   D A T A   M E M O R Y   * * * * * * *
            REG     0000H     0008H     ABSOLUTE     "REG BANK 0"
            DATA    0008H     0023H     UNIT         ?DT?MAIN
            DATA    002BH     0003H     UNIT         _DATA_GROUP_
            IDATA   002EH     0001H     UNIT         ?STACK

            * * * * * * *   C O D E   M E M O R Y   * * * * * * *
            CODE    0000H     0003H     ABSOLUTE     
            CODE    0003H     008CH     UNIT         ?C_C51STARTUP
            CODE    008FH     0059H     UNIT         ?PR?LCD1602_DIS?MAIN
            CODE    00E8H     0050H     UNIT         ?PR?MAIN?MAIN
            CODE    0138H     004AH     UNIT         ?PR?LCD1602_INIT?MAIN
            CODE    0182H     0035H     UNIT         ?PR?KEY_PROSSER?MAIN
            CODE    01B7H     0033H     UNIT         ?PR?_DELAY?MAIN
            CODE    01EAH     0030H     UNIT         ?PR?_LCD1602_WRITE?MAIN
            CODE    021AH     002AH     UNIT         ?C_INITSEG
            CODE    0244H     001FH     UNIT         ?PR?_LCD1602_DIS_CHAR?MAIN
            CODE    0263H     0019H     UNIT         ?PR?IO_INIT?MAIN



OVERLAY MAP OF MODULE:   .\Objects\test (MAIN)


SEGMENT                              DATA_GROUP 
  +--> CALLED SEGMENT              START    LENGTH
--------------------------------------------------
?C_C51STARTUP                      -----    -----
  +--> ?PR?MAIN?MAIN
  +--> ?C_INITSEG

?PR?MAIN?MAIN                      002BH    0002H
  +--> ?PR?IO_INIT?MAIN
  +--> ?PR?_DELAY?MAIN
  +--> ?PR?LCD1602_INIT?MAIN
  +--> ?PR?LCD1602_DIS?MAIN
  +--> ?PR?KEY_PROSSER?MAIN
  +--> ?PR?_LCD1602_DIS_CHAR?MAIN

BL51 BANKED LINKER/LOCATER V6.22.2.0                                                  06/07/2023  12:39:02  PAGE 2


?PR?IO_INIT?MAIN                   -----    -----
  +--> ?PR?_DELAY?MAIN

?PR?LCD1602_INIT?MAIN              -----    -----
  +--> ?PR?_LCD1602_WRITE?MAIN
  +--> ?PR?_DELAY?MAIN

?PR?_LCD1602_WRITE?MAIN            -----    -----
  +--> ?PR?_DELAY?MAIN

?PR?LCD1602_DIS?MAIN               002DH    0001H
  +--> ?PR?_LCD1602_WRITE?MAIN
  +--> ?PR?_DELAY?MAIN

?PR?KEY_PROSSER?MAIN               -----    -----
  +--> ?PR?_DELAY?MAIN

?PR?_LCD1602_DIS_CHAR?MAIN         002DH    0001H
  +--> ?PR?_LCD1602_WRITE?MAIN



SYMBOL TABLE OF MODULE:  .\Objects\test (MAIN)

  VALUE           TYPE          NAME
  ----------------------------------

  -------         MODULE        MAIN
  C:0000H         SYMBOL        _ICE_DUMMY_
  D:0092H         PUBLIC        P1M0
  D:0091H         PUBLIC        P1M1
  D:0080H         PUBLIC        P0
  D:00B2H         PUBLIC        P3M0
  D:0090H         PUBLIC        P1
  D:00B1H         PUBLIC        P3M1
  D:00A0H         PUBLIC        P2
  D:00B0H         PUBLIC        P3
  D:00C0H         PUBLIC        P4
  D:00C8H         PUBLIC        P5
  D:00E8H         PUBLIC        P6
  D:00F8H         PUBLIC        P7
  C:01F1H         PUBLIC        _LCD1602_Write
  D:00A8H         PUBLIC        IE
  C:01C1H         PUBLIC        _delay
  D:00B8H         PUBLIC        IP
  B:00B0H.4       PUBLIC        KEY1
  B:00B0H.3       PUBLIC        KEY2
  C:00E8H         PUBLIC        main
  C:0263H         PUBLIC        IO_init
  D:0098H         PUBLIC        SCON
  C:0138H         PUBLIC        LCD1602_init
  D:0088H         PUBLIC        TCON
  D:0008H         PUBLIC        table1
  C:0182H         PUBLIC        KEY_Prosser
  D:0019H         PUBLIC        table2
  D:002AH         PUBLIC        num
  C:0244H         PUBLIC        _LCD1602_DIS_CHAR
BL51 BANKED LINKER/LOCATER V6.22.2.0                                                  06/07/2023  12:39:02  PAGE 3


  C:008FH         PUBLIC        LCD1602_DIS
  B:00B0H.7       PUBLIC        LCDEN
  B:00B0H.6       PUBLIC        LCDRS
  D:00D0H         PUBLIC        PSW
  -------         PROC          MAIN
  -------         DO            
  D:002BH         SYMBOL        shi
  D:002CH         SYMBOL        ge
  -------         ENDDO         
  C:00E8H         LINE#         45
  C:00E8H         LINE#         46
  C:00E8H         LINE#         48
  C:00EBH         LINE#         49
  C:00F4H         LINE#         50
  C:00FDH         LINE#         51
  C:0100H         LINE#         52
  C:0107H         LINE#         53
  C:010AH         LINE#         54
  C:010AH         LINE#         55
  C:010AH         LINE#         56
  C:010DH         LINE#         57
  C:0115H         LINE#         58
  C:011EH         LINE#         59
  C:012AH         LINE#         60
  C:0136H         LINE#         61
  -------         ENDPROC       MAIN
  C:01BDH         SYMBOL        L?0040
  -------         PROC          L?0039
  -------         ENDPROC       L?0039
  C:01BDH         SYMBOL        L?0040
  -------         PROC          _DELAY
  D:0006H         SYMBOL        Count
  -------         DO            
  D:0005H         SYMBOL        i
  D:0004H         SYMBOL        j
  -------         ENDDO         
  C:01C1H         LINE#         66
  C:01C1H         LINE#         67
  C:01C1H         LINE#         69
  C:01CBH         LINE#         70
  C:01CBH         LINE#         71
  C:01D7H         LINE#         72
  C:01E9H         LINE#         73
  C:01E9H         LINE#         74
  -------         ENDPROC       _DELAY
  -------         PROC          IO_INIT
  C:0263H         LINE#         78
  C:0263H         LINE#         79
  C:0263H         LINE#         81
  C:0266H         LINE#         82
  C:0269H         LINE#         84
  C:026CH         LINE#         85
  C:026FH         LINE#         87
  C:0272H         LINE#         88
  C:0275H         LINE#         89
  -------         ENDPROC       IO_INIT
  -------         PROC          KEY_PROSSER
BL51 BANKED LINKER/LOCATER V6.22.2.0                                                  06/07/2023  12:39:02  PAGE 4


  C:0182H         LINE#         94
  C:0182H         LINE#         95
  C:0182H         LINE#         96
  C:0185H         LINE#         97
  C:0185H         LINE#         98
  C:018CH         LINE#         99
  C:018FH         LINE#         100
  C:018FH         LINE#         101
  C:0191H         LINE#         102
  C:0197H         LINE#         103
  C:0199H         LINE#         104
  C:0199H         LINE#         105
  C:019CH         LINE#         106
  C:019CH         LINE#         107
  C:019FH         LINE#         108
  C:019FH         LINE#         109
  C:01A6H         LINE#         110
  C:01A9H         LINE#         111
  C:01A9H         LINE#         112
  C:01ADH         LINE#         113
  C:01B1H         LINE#         115
  C:01B3H         LINE#         116
  C:01B3H         LINE#         117
  C:01B6H         LINE#         118
  C:01B6H         LINE#         119
  -------         ENDPROC       KEY_PROSSER
  -------         PROC          LCD1602_INIT
  C:0138H         LINE#         123
  C:0138H         LINE#         124
  C:0138H         LINE#         125
  C:0146H         LINE#         126
  C:014FH         LINE#         127
  C:0158H         LINE#         128
  C:0166H         LINE#         129
  C:0174H         LINE#         130
  -------         ENDPROC       LCD1602_INIT
  -------         PROC          LCD1602_DIS
  -------         DO            
  D:002DH         SYMBOL        i
  -------         ENDDO         
  C:008FH         LINE#         135
  C:008FH         LINE#         136
  C:008FH         LINE#         138
  C:0096H         LINE#         139
  C:009DH         LINE#         140
  C:00ABH         LINE#         141
  C:00ABH         LINE#         142
  C:00B0H         LINE#         143
  C:00B7H         LINE#         144
  C:00BBH         LINE#         145
  C:00C2H         LINE#         146
  C:00C9H         LINE#         147
  C:00D7H         LINE#         148
  C:00D7H         LINE#         149
  C:00DCH         LINE#         150
  C:00E3H         LINE#         151
  C:00E7H         LINE#         152
BL51 BANKED LINKER/LOCATER V6.22.2.0                                                  06/07/2023  12:39:02  PAGE 5


  -------         ENDPROC       LCD1602_DIS
  -------         PROC          L?0041
  -------         ENDPROC       L?0041
  -------         PROC          _LCD1602_WRITE
  D:0003H         SYMBOL        cmdordata
  D:0005H         SYMBOL        writetype
  -------         DO            
  D:0007H         SYMBOL        temp
  -------         ENDDO         
  C:01F1H         LINE#         157
  C:01F3H         LINE#         158
  C:01F3H         LINE#         159
  C:01F3H         LINE#         160
  C:01F8H         LINE#         161
  C:01FBH         LINE#         162
  C:01FEH         LINE#         163
  C:0202H         LINE#         164
  C:0202H         LINE#         165
  C:0205H         LINE#         166
  C:020AH         LINE#         167
  C:020DH         LINE#         168
  C:020EH         LINE#         169
  C:0211H         LINE#         170
  -------         ENDPROC       _LCD1602_WRITE
  -------         PROC          _LCD1602_DIS_CHAR
  D:0007H         SYMBOL        x
  D:0005H         SYMBOL        y
  D:002DH         SYMBOL        z
  -------         DO            
  D:0001H         SYMBOL        address
  -------         ENDDO         
  C:0244H         LINE#         176
  C:0246H         LINE#         177
  C:0246H         LINE#         179
  C:024BH         LINE#         180
  C:0251H         LINE#         182
  C:0255H         LINE#         183
  C:025CH         LINE#         184
  -------         ENDPROC       _LCD1602_DIS_CHAR
  -------         ENDMOD        MAIN

Program Size: data=47.0 xdata=0 code=636
LINK/LOCATE RUN COMPLETE.  0 WARNING(S),  0 ERROR(S)
