BL51 BANKED LINKER/LOCATER V6.22.2.0                                                    09/11/2025  08:36:46  PAGE 1


BL51 BANKED LINKER/LOCATER V6.22.2.0, INVOKED BY:
E:\KEIL-ARM\C51\BIN\BL51.EXE .\Objects\main.obj TO .\Objects\test PRINT (.\Listings\test.m51) RAMSIZE (256)


MEMORY MODEL: SMALL


INPUT MODULES INCLUDED:
  .\Objects\main.obj (MAIN)
  E:\KEIL-ARM\C51\LIB\C51S.LIB (?C_STARTUP)


LINK MAP OF MODULE:  .\Objects\test (MAIN)


            TYPE    BASE      LENGTH    RELOCATION   SEGMENT NAME
            -----------------------------------------------------

            * * * * * * *   D A T A   M E M O R Y   * * * * * * *
            REG     0000H     0008H     ABSOLUTE     "REG BANK 0"
            IDATA   0008H     0001H     UNIT         ?STACK

            * * * * * * *   C O D E   M E M O R Y   * * * * * * *
            CODE    0000H     0003H     ABSOLUTE     
            CODE    0003H     0029H     UNIT         ?PR?_DELAY?MAIN
            CODE    002CH     0025H     UNIT         ?PR?KEY_PROSSER?MAIN
            CODE    0051H     0015H     UNIT         ?PR?IO_INIT?MAIN
            CODE    0066H     000CH     UNIT         ?C_C51STARTUP
            CODE    0072H     0008H     UNIT         ?PR?MAIN?MAIN



OVERLAY MAP OF MODULE:   .\Objects\test (MAIN)


SEGMENT
  +--> CALLED SEGMENT
---------------------
?C_C51STARTUP
  +--> ?PR?MAIN?MAIN

?PR?MAIN?MAIN
  +--> ?PR?IO_INIT?MAIN
  +--> ?PR?KEY_PROSSER?MAIN

?PR?IO_INIT?MAIN
  +--> ?PR?_DELAY?MAIN

?PR?KEY_PROSSER?MAIN
  +--> ?PR?_DELAY?MAIN



SYMBOL TABLE OF MODULE:  .\Objects\test (MAIN)

  VALUE           TYPE          NAME
  ----------------------------------

BL51 BANKED LINKER/LOCATER V6.22.2.0                                                  09/11/2025  08:36:46  PAGE 2


  -------         MODULE        MAIN
  C:0000H         SYMBOL        _ICE_DUMMY_
  D:0080H         PUBLIC        P0
  D:00B2H         PUBLIC        P3M0
  D:0090H         PUBLIC        P1
  D:00B1H         PUBLIC        P3M1
  D:00A0H         PUBLIC        P2
  D:00CAH         PUBLIC        P5M0
  D:00B0H         PUBLIC        P3
  D:00C9H         PUBLIC        P5M1
  D:00C0H         PUBLIC        P4
  D:00C8H         PUBLIC        P5
  D:00A8H         PUBLIC        IE
  C:0003H         PUBLIC        _delay
  D:00B8H         PUBLIC        IP
  B:00B0H.4       PUBLIC        KEY1
  B:00B0H.3       PUBLIC        KEY2
  D:00D8H         PUBLIC        CCON
  C:0072H         PUBLIC        main
  C:0051H         PUBLIC        IO_init
  D:0098H         PUBLIC        SCON
  D:0088H         PUBLIC        TCON
  C:002CH         PUBLIC        KEY_Prosser
  B:00C8H.5       PUBLIC        RLY
  D:00D0H         PUBLIC        PSW
  -------         PROC          MAIN
  C:0072H         LINE#         18
  C:0072H         LINE#         19
  C:0072H         LINE#         20
  C:0075H         LINE#         21
  C:0075H         LINE#         22
  C:0075H         LINE#         23
  C:0078H         LINE#         24
  -------         ENDPROC       MAIN
  -------         PROC          _DELAY
  D:0006H         SYMBOL        Count
  -------         DO            
  D:0005H         SYMBOL        i
  D:0004H         SYMBOL        j
  -------         ENDDO         
  C:0003H         LINE#         27
  C:0003H         LINE#         28
  C:0003H         LINE#         30
  C:000DH         LINE#         31
  C:000DH         LINE#         32
  C:0019H         LINE#         33
  C:002BH         LINE#         34
  C:002BH         LINE#         35
  -------         ENDPROC       _DELAY
  -------         PROC          IO_INIT
  C:0051H         LINE#         37
  C:0051H         LINE#         38
  C:0051H         LINE#         40
  C:0054H         LINE#         41
  C:0057H         LINE#         43
  C:005AH         LINE#         44
  C:005DH         LINE#         45
BL51 BANKED LINKER/LOCATER V6.22.2.0                                                  09/11/2025  08:36:46  PAGE 3


  C:005FH         LINE#         46
  -------         ENDPROC       IO_INIT
  -------         PROC          KEY_PROSSER
  C:002CH         LINE#         49
  C:002CH         LINE#         50
  C:002CH         LINE#         51
  C:002FH         LINE#         52
  C:002FH         LINE#         53
  C:0036H         LINE#         54
  C:0039H         LINE#         55
  C:0039H         LINE#         56
  C:003BH         LINE#         57
  C:003BH         LINE#         58
  C:003EH         LINE#         59
  C:003EH         LINE#         60
  C:0041H         LINE#         61
  C:0041H         LINE#         62
  C:0048H         LINE#         63
  C:004BH         LINE#         64
  C:004BH         LINE#         65
  C:004DH         LINE#         66
  C:004DH         LINE#         67
  C:0050H         LINE#         68
  C:0050H         LINE#         69
  -------         ENDPROC       KEY_PROSSER
  -------         ENDMOD        MAIN

Program Size: data=9.0 xdata=0 code=122
LINK/LOCATE RUN COMPLETE.  0 WARNING(S),  0 ERROR(S)
