BL51 BANKED LINKER/LOCATER V6.22.2.0                                                    05/25/2025  18:28:08  PAGE 1


BL51 BANKED LINKER/LOCATER V6.22.2.0, INVOKED BY:
D:\KEIL_V5\C51\BIN\BL51.EXE .\Objects\main.obj TO .\Objects\test PRINT (.\Listings\test.m51) RAMSIZE (256)


MEMORY MODEL: SMALL


INPUT MODULES INCLUDED:
  .\Objects\main.obj (MAIN)
  D:\KEIL_V5\C51\LIB\C51S.LIB (?C_STARTUP)
  D:\KEIL_V5\C51\LIB\C51S.LIB (?C?ULCMP)
  D:\KEIL_V5\C51\LIB\C51S.LIB (?C?LSHL)
  D:\KEIL_V5\C51\LIB\C51S.LIB (?C?CCASE)
  D:\KEIL_V5\C51\LIB\C51S.LIB (?C_INIT)


LINK MAP OF MODULE:  .\Objects\test (MAIN)


            TYPE    BASE      LENGTH    RELOCATION   SEGMENT NAME
            -----------------------------------------------------

            * * * * * * *   D A T A   M E M O R Y   * * * * * * *
            REG     0000H     0008H     ABSOLUTE     "REG BANK 0"
            DATA    0008H     0022H     UNIT         ?DT?MAIN
            DATA    002AH     0011H     UNIT         ?DT?READ_CARD?MAIN
            DATA    003BH     0003H     UNIT         ?DT?_LCD1602_DIS_CHAR?MAIN
            DATA    003EH     0001H     UNIT         ?DT?_SYSCLK_CCO?MAIN
            IDATA   003FH     0001H     UNIT         ?STACK

            * * * * * * *   C O D E   M E M O R Y   * * * * * * *
            CODE    0000H     0003H     ABSOLUTE     
            CODE    0003H     01BAH     UNIT         ?PR?READ_CARD?MAIN
            CODE    01BDH     00E9H     UNIT         ?PR?_SYSCLK_CCO?MAIN
            CODE    02A6H     008CH     UNIT         ?C_C51STARTUP
            CODE    0332H     004AH     UNIT         ?C?LIB_CODE
            CODE    037CH     0033H     UNIT         ?PR?_DELAY?MAIN
            CODE    03AFH     0029H     UNIT         ?PR?_LCD1602_WRITE?MAIN
            CODE    03D8H     0027H     UNIT         ?C_INITSEG
            CODE    03FFH     001FH     UNIT         ?PR?IO_INIT?MAIN
            CODE    041EH     000BH     UNIT         ?PR?DELAY384US?MAIN
            CODE    0429H     0008H     UNIT         ?PR?_LCD1602_DIS_CHAR?MAIN
            CODE    0431H     0002H     UNIT         ?PR?MAIN?MAIN
            CODE    0433H     0002H     UNIT         ?PR?LCD1602_INIT?MAIN
            CODE    0435H     0002H     UNIT         ?PR?LCD1602_DIS?MAIN



OVERLAY MAP OF MODULE:   .\Objects\test (MAIN)


SEGMENT
  +--> CALLED SEGMENT
---------------------
?C_C51STARTUP
  +--> ?PR?MAIN?MAIN
  +--> ?C_INITSEG

BL51 BANKED LINKER/LOCATER V6.22.2.0                                                  05/25/2025  18:28:08  PAGE 2




SYMBOL TABLE OF MODULE:  .\Objects\test (MAIN)

  VALUE           TYPE          NAME
  ----------------------------------

  -------         MODULE        MAIN
  C:0000H         SYMBOL        _ICE_DUMMY_
  D:0092H         PUBLIC        P1M0
  D:0091H         PUBLIC        P1M1
  D:0080H         PUBLIC        P0
  D:00B2H         PUBLIC        P3M0
  D:0090H         PUBLIC        P1
  D:00B1H         PUBLIC        P3M1
  D:00A0H         PUBLIC        P2
  D:00B0H         PUBLIC        P3
  D:00C0H         PUBLIC        P4
  D:00C8H         PUBLIC        P5
  D:00E8H         PUBLIC        P6
  D:00F8H         PUBLIC        P7
  C:03AFH         PUBLIC        _LCD1602_Write
  D:00BAH         PUBLIC        P_SW2
  D:00A8H         PUBLIC        IE
  C:01BDH         PUBLIC        _SYSCLK_CCO
  C:0386H         PUBLIC        _delay
  D:00B8H         PUBLIC        IP
  C:041EH         PUBLIC        delay384us
  D:00D8H         PUBLIC        CCON
  C:0431H         PUBLIC        main
  C:03FFH         PUBLIC        IO_init
  D:0098H         PUBLIC        SCON
  C:0433H         PUBLIC        LCD1602_init
  D:0088H         PUBLIC        TCON
  D:0008H         PUBLIC        table1
  D:0019H         PUBLIC        table2
  C:0003H         PUBLIC        Read_Card
  C:0429H         PUBLIC        _LCD1602_DIS_CHAR
  C:0435H         PUBLIC        LCD1602_DIS
  B:00B0H.7       PUBLIC        LCDEN
  B:00B0H.2       PUBLIC        Mcode
  B:00B0H.6       PUBLIC        LCDRS
  D:00D0H         PUBLIC        PSW
  -------         PROC          MAIN
  C:0431H         LINE#         33
  C:0431H         LINE#         34
  C:0431H         LINE#         35
  C:0431H         LINE#         36
  C:0431H         LINE#         46
  -------         ENDPROC       MAIN
  C:0382H         SYMBOL        L?0113
  -------         PROC          L?0112
  -------         ENDPROC       L?0112
  C:0382H         SYMBOL        L?0113
  -------         PROC          _DELAY
  D:0006H         SYMBOL        Count
  -------         DO            
BL51 BANKED LINKER/LOCATER V6.22.2.0                                                  05/25/2025  18:28:08  PAGE 3


  D:0005H         SYMBOL        i
  D:0004H         SYMBOL        j
  -------         ENDDO         
  C:0386H         LINE#         51
  C:0386H         LINE#         52
  C:0386H         LINE#         54
  C:0390H         LINE#         55
  C:0390H         LINE#         56
  C:039CH         LINE#         57
  C:03AEH         LINE#         58
  C:03AEH         LINE#         59
  -------         ENDPROC       _DELAY
  -------         PROC          DELAY384US
  -------         DO            
  D:0007H         SYMBOL        i
  D:0006H         SYMBOL        j
  -------         ENDDO         
  C:041EH         LINE#         64
  C:041EH         LINE#         65
  C:041EH         LINE#         67
  C:041FH         LINE#         68
  C:0420H         LINE#         69
  C:0422H         LINE#         70
  C:0424H         LINE#         72
  C:0424H         LINE#         73
  C:0426H         LINE#         74
  C:0428H         LINE#         75
  -------         ENDPROC       DELAY384US
  -------         PROC          IO_INIT
  C:03FFH         LINE#         79
  C:03FFH         LINE#         80
  C:03FFH         LINE#         82
  C:0402H         LINE#         83
  C:0405H         LINE#         85
  C:0408H         LINE#         86
  C:040BH         LINE#         88
  C:040EH         LINE#         89
  C:0411H         LINE#         91
  C:0414H         LINE#         92
  C:0417H         LINE#         93
  -------         ENDPROC       IO_INIT
  -------         PROC          _SYSCLK_CCO
  D:0007H         SYMBOL        TYPE
  D:0005H         SYMBOL        SET_F
  D:003EH         SYMBOL        SET_P
  C:01BDH         LINE#         100
  C:01BFH         LINE#         101
  C:01BFH         LINE#         102
  C:01C2H         LINE#         103
  C:01CBH         LINE#         104
  C:01CBH         LINE#         105
  C:01CBH         LINE#         106
  C:01CBH         LINE#         107
  C:01D2H         LINE#         108
  C:01D9H         LINE#         110
  C:01E0H         LINE#         111
  C:01E4H         LINE#         112
BL51 BANKED LINKER/LOCATER V6.22.2.0                                                  05/25/2025  18:28:08  PAGE 4


  C:01E6H         LINE#         113
  C:01E6H         LINE#         114
  C:01E6H         LINE#         115
  C:01E6H         LINE#         116
  C:01E6H         LINE#         117
  C:01EDH         LINE#         118
  C:01F4H         LINE#         119
  C:01FBH         LINE#         120
  C:01FBH         LINE#         121
  C:01FBH         LINE#         122
  C:021EH         LINE#         123
  C:021EH         LINE#         124
  C:022BH         LINE#         125
  C:0238H         LINE#         126
  C:0245H         LINE#         127
  C:0252H         LINE#         128
  C:025FH         LINE#         129
  C:026CH         LINE#         130
  C:0279H         LINE#         131
  C:0286H         LINE#         132
  C:0291H         LINE#         133
  C:0291H         LINE#         134
  C:0298H         LINE#         135
  C:029EH         LINE#         137
  C:02A2H         LINE#         138
  C:02A5H         LINE#         139
  -------         ENDPROC       _SYSCLK_CCO
  -------         PROC          LCD1602_INIT
  C:0433H         LINE#         143
  C:0433H         LINE#         144
  C:0433H         LINE#         145
  C:0433H         LINE#         146
  C:0433H         LINE#         149
  -------         ENDPROC       LCD1602_INIT
  -------         PROC          LCD1602_DIS
  C:0435H         LINE#         154
  C:0435H         LINE#         155
  C:0435H         LINE#         156
  C:0435H         LINE#         157
  C:0435H         LINE#         164
  -------         ENDPROC       LCD1602_DIS
  -------         PROC          _LCD1602_WRITE
  D:0003H         SYMBOL        cmdordata
  D:0005H         SYMBOL        writetype
  -------         DO            
  D:0007H         SYMBOL        temp
  -------         ENDDO         
  C:03AFH         LINE#         170
  C:03B1H         LINE#         171
  C:03B1H         LINE#         172
  C:03B1H         LINE#         173
  C:03B6H         LINE#         174
  C:03B9H         LINE#         175
  C:03BCH         LINE#         176
  C:03C0H         LINE#         177
  C:03C0H         LINE#         178
  C:03C3H         LINE#         179
BL51 BANKED LINKER/LOCATER V6.22.2.0                                                  05/25/2025  18:28:08  PAGE 5


  C:03C8H         LINE#         180
  C:03CBH         LINE#         181
  C:03CCH         LINE#         182
  C:03CFH         LINE#         183
  -------         ENDPROC       _LCD1602_WRITE
  -------         PROC          _LCD1602_DIS_CHAR
  D:003BH         SYMBOL        x
  D:003CH         SYMBOL        y
  D:003DH         SYMBOL        z
  C:0429H         LINE#         189
  C:042FH         LINE#         190
  C:042FH         LINE#         191
  C:042FH         LINE#         192
  C:042FH         LINE#         202
  -------         ENDPROC       _LCD1602_DIS_CHAR
  -------         PROC          READ_CARD
  -------         DO            
  D:002AH         SYMBOL        i
  D:002BH         SYMBOL        timeout
  D:002CH         SYMBOL        timeout_flag
  D:0003H         SYMBOL        row
  D:0002H         SYMBOL        col
  D:0001H         SYMBOL        row_parity
  D:002DH         SYMBOL        col_parity
  D:0032H         SYMBOL        M_data
  D:0033H         SYMBOL        temp
  D:0037H         SYMBOL        search
  -------         ENDDO         
  C:0003H         LINE#         207
  C:0003H         LINE#         208
  C:0003H         LINE#         209
  C:0006H         LINE#         217
  C:000EH         LINE#         218
  C:000EH         LINE#         219
  C:000EH         LINE#         221
  C:0022H         LINE#         222
  C:0027H         LINE#         224
  C:003CH         LINE#         225
  C:003FH         LINE#         227
  C:0042H         LINE#         228
  C:0042H         LINE#         229
  C:004AH         LINE#         230
  C:004AH         LINE#         232
  C:004CH         LINE#         233
  C:004EH         LINE#         235
  C:0054H         LINE#         236
  C:0054H         LINE#         238
  C:0057H         LINE#         240
  C:005AH         LINE#         241
  C:005DH         LINE#         242
  C:005DH         LINE#         243
  C:006AH         LINE#         244
  C:006AH         LINE#         245
  C:006DH         LINE#         246
  C:0070H         LINE#         247
  C:0070H         LINE#         248
  C:0078H         LINE#         249
BL51 BANKED LINKER/LOCATER V6.22.2.0                                                  05/25/2025  18:28:08  PAGE 6


  C:0078H         LINE#         250
  C:007DH         LINE#         251
  C:007DH         LINE#         252
  C:007FH         LINE#         253
  C:0081H         LINE#         254
  C:0084H         LINE#         255
  C:008BH         LINE#         258
  C:008BH         LINE#         259
  C:008FH         LINE#         261
  C:0093H         LINE#         262
  C:0093H         LINE#         263
  C:0095H         LINE#         264
  C:0095H         LINE#         267
  C:009EH         LINE#         268
  C:009EH         LINE#         269
  C:00A0H         LINE#         270
  C:00A2H         LINE#         271
  C:00A5H         LINE#         272
  C:00A5H         LINE#         273
  C:00ADH         LINE#         274
  C:00ADH         LINE#         275
  C:00B1H         LINE#         276
  C:00B1H         LINE#         277
  C:00B3H         LINE#         278
  C:00B5H         LINE#         279
  C:00B9H         LINE#         280
  C:00B9H         LINE#         281
  C:00BFH         LINE#         282
  C:00BFH         LINE#         286
  C:00C6H         LINE#         287
  C:00CAH         LINE#         288
  C:00D8H         LINE#         290
  C:00D8H         LINE#         291
  C:00E8H         LINE#         292
  C:00E8H         LINE#         293
  C:00EBH         LINE#         294
  C:00EEH         LINE#         295
  C:00F3H         LINE#         297
  C:00F6H         LINE#         299
  C:010AH         LINE#         301
  C:010AH         LINE#         302
  C:011FH         LINE#         303
  C:0138H         LINE#         304
  C:0138H         LINE#         307
  C:013CH         LINE#         308
  C:0144H         LINE#         310
  C:0147H         LINE#         311
  C:0151H         LINE#         312
  C:0151H         LINE#         313
  C:0159H         LINE#         314
  C:0159H         LINE#         315
  C:015EH         LINE#         316
  C:015EH         LINE#         317
  C:0160H         LINE#         318
  C:0162H         LINE#         319
  C:0166H         LINE#         320
  C:0166H         LINE#         322
BL51 BANKED LINKER/LOCATER V6.22.2.0                                                  05/25/2025  18:28:08  PAGE 7


  C:016AH         LINE#         324
  C:0174H         LINE#         326
  C:0174H         LINE#         327
  C:017CH         LINE#         329
  C:017CH         LINE#         330
  C:0185H         LINE#         331
  C:0188H         LINE#         332
  C:018AH         LINE#         333
  C:018AH         LINE#         335
  C:018AH         LINE#         337
  C:018EH         LINE#         340
  C:01A6H         LINE#         343
  C:01A6H         LINE#         344
  C:01A9H         LINE#         345
  C:01B1H         LINE#         346
  C:01B4H         LINE#         347
  C:01B4H         LINE#         349
  C:01BCH         LINE#         350
  C:01BCH         LINE#         351
  C:01BCH         LINE#         352
  C:01BCH         LINE#         353
  C:01BCH         LINE#         354
  C:01BCH         LINE#         355
  -------         ENDPROC       READ_CARD
  -------         ENDMOD        MAIN

  -------         MODULE        ?C?ULCMP
  C:0332H         PUBLIC        ?C?ULCMP
  -------         ENDMOD        ?C?ULCMP

  -------         MODULE        ?C?LSHL
  C:0343H         PUBLIC        ?C?LSHL
  -------         ENDMOD        ?C?LSHL

  -------         MODULE        ?C?CCASE
  C:0356H         PUBLIC        ?C?CCASE
  -------         ENDMOD        ?C?CCASE

*** WARNING L16: UNCALLED SEGMENT, IGNORED FOR OVERLAY PROCESS
    SEGMENT: ?PR?IO_INIT?MAIN

*** WARNING L16: UNCALLED SEGMENT, IGNORED FOR OVERLAY PROCESS
    SEGMENT: ?PR?_SYSCLK_CCO?MAIN

*** WARNING L16: UNCALLED SEGMENT, IGNORED FOR OVERLAY PROCESS
    SEGMENT: ?PR?LCD1602_INIT?MAIN

*** WARNING L16: UNCALLED SEGMENT, IGNORED FOR OVERLAY PROCESS
    SEGMENT: ?PR?LCD1602_DIS?MAIN

*** WARNING L16: UNCALLED SEGMENT, IGNORED FOR OVERLAY PROCESS
    SEGMENT: ?PR?_LCD1602_WRITE?MAIN

*** WARNING L16: UNCALLED SEGMENT, IGNORED FOR OVERLAY PROCESS
    SEGMENT: ?PR?_LCD1602_DIS_CHAR?MAIN

*** WARNING L16: UNCALLED SEGMENT, IGNORED FOR OVERLAY PROCESS
BL51 BANKED LINKER/LOCATER V6.22.2.0                                                  05/25/2025  18:28:08  PAGE 8


    SEGMENT: ?PR?READ_CARD?MAIN

Program Size: data=64.0 xdata=0 code=1079
LINK/LOCATE RUN COMPLETE.  7 WARNING(S),  0 ERROR(S)
