BL51 BANKED LINKER/LOCATER V6.22.2.0                                                    06/07/2023  12:40:14  PAGE 1


BL51 BANKED LINKER/LOCATER V6.22.2.0, INVOKED BY:
D:\KEIL_V5\C51\BIN\BL51.EXE .\Objects\main.obj TO .\Objects\test PRINT (.\Listings\test.m51) RAMSIZE (256)


MEMORY MODEL: SMALL


INPUT MODULES INCLUDED:
  .\Objects\main.obj (MAIN)
  D:\KEIL_V5\C51\LIB\C51S.LIB (?C_STARTUP)
  D:\KEIL_V5\C51\LIB\C51S.LIB (?C?CCASE)


LINK MAP OF MODULE:  .\Objects\test (MAIN)


            TYPE    BASE      LENGTH    RELOCATION   SEGMENT NAME
            -----------------------------------------------------

            * * * * * * *   D A T A   M E M O R Y   * * * * * * *
            REG     0000H     0008H     ABSOLUTE     "REG BANK 0"
            DATA    0008H     0001H     UNIT         _DATA_GROUP_
            IDATA   0009H     0001H     UNIT         ?STACK

            * * * * * * *   C O D E   M E M O R Y   * * * * * * *
            CODE    0000H     0003H     ABSOLUTE     
            CODE    0003H     00E9H     UNIT         ?PR?_SYSCLK_CCO?MAIN
            CODE    00ECH     0029H     UNIT         ?PR?_DELAY?MAIN
            CODE    0115H     0026H     UNIT         ?C?LIB_CODE
            CODE    013BH     000EH     UNIT         ?PR?MAIN?MAIN
            CODE    0149H     000DH     UNIT         ?PR?IO_INIT?MAIN
            CODE    0156H     000CH     UNIT         ?C_C51STARTUP



OVERLAY MAP OF MODULE:   .\Objects\test (MAIN)


SEGMENT                          DATA_GROUP 
  +--> CALLED SEGMENT          START    LENGTH
----------------------------------------------
?C_C51STARTUP                  -----    -----
  +--> ?PR?MAIN?MAIN

?PR?MAIN?MAIN                  -----    -----
  +--> ?PR?IO_INIT?MAIN
  +--> ?PR?_SYSCLK_CCO?MAIN

?PR?IO_INIT?MAIN               -----    -----
  +--> ?PR?_DELAY?MAIN

?PR?_SYSCLK_CCO?MAIN           0008H    0001H



SYMBOL TABLE OF MODULE:  .\Objects\test (MAIN)

  VALUE           TYPE          NAME
BL51 BANKED LINKER/LOCATER V6.22.2.0                                                  06/07/2023  12:40:14  PAGE 2


  ----------------------------------

  -------         MODULE        MAIN
  C:0000H         SYMBOL        _ICE_DUMMY_
  D:0092H         PUBLIC        P1M0
  D:0091H         PUBLIC        P1M1
  D:0080H         PUBLIC        P0
  D:0090H         PUBLIC        P1
  D:00A0H         PUBLIC        P2
  D:00B0H         PUBLIC        P3
  D:00C0H         PUBLIC        P4
  D:00C8H         PUBLIC        P5
  D:00E8H         PUBLIC        P6
  D:00F8H         PUBLIC        P7
  D:00BAH         PUBLIC        P_SW2
  D:00A8H         PUBLIC        IE
  C:0003H         PUBLIC        _SYSCLK_CCO
  C:00ECH         PUBLIC        _delay
  D:00B8H         PUBLIC        IP
  C:013BH         PUBLIC        main
  C:0149H         PUBLIC        IO_init
  D:0098H         PUBLIC        SCON
  D:0088H         PUBLIC        TCON
  D:00D0H         PUBLIC        PSW
  -------         PROC          MAIN
  C:013BH         LINE#         33
  C:013BH         LINE#         34
  C:013BH         LINE#         35
  C:013EH         LINE#         36
  C:0147H         LINE#         37
  -------         ENDPROC       MAIN
  -------         PROC          _DELAY
  D:0006H         SYMBOL        Count
  -------         DO            
  D:0005H         SYMBOL        i
  D:0004H         SYMBOL        j
  -------         ENDDO         
  C:00ECH         LINE#         42
  C:00ECH         LINE#         43
  C:00ECH         LINE#         45
  C:00F6H         LINE#         46
  C:00F6H         LINE#         47
  C:0102H         LINE#         48
  C:0114H         LINE#         49
  C:0114H         LINE#         50
  -------         ENDPROC       _DELAY
  -------         PROC          IO_INIT
  C:0149H         LINE#         54
  C:0149H         LINE#         55
  C:0149H         LINE#         57
  C:014CH         LINE#         58
  C:014FH         LINE#         62
  -------         ENDPROC       IO_INIT
  -------         PROC          _SYSCLK_CCO
  D:0007H         SYMBOL        TYPE
  D:0005H         SYMBOL        SET_F
  D:0008H         SYMBOL        SET_P
BL51 BANKED LINKER/LOCATER V6.22.2.0                                                  06/07/2023  12:40:14  PAGE 3


  C:0003H         LINE#         69
  C:0005H         LINE#         70
  C:0005H         LINE#         71
  C:0008H         LINE#         72
  C:0011H         LINE#         73
  C:0011H         LINE#         74
  C:0011H         LINE#         75
  C:0011H         LINE#         76
  C:0018H         LINE#         77
  C:001FH         LINE#         79
  C:0026H         LINE#         80
  C:002AH         LINE#         81
  C:002CH         LINE#         82
  C:002CH         LINE#         83
  C:002CH         LINE#         84
  C:002CH         LINE#         85
  C:002CH         LINE#         86
  C:0033H         LINE#         87
  C:003AH         LINE#         88
  C:0041H         LINE#         89
  C:0041H         LINE#         90
  C:0041H         LINE#         91
  C:0064H         LINE#         92
  C:0064H         LINE#         93
  C:0071H         LINE#         94
  C:007EH         LINE#         95
  C:008BH         LINE#         96
  C:0098H         LINE#         97
  C:00A5H         LINE#         98
  C:00B2H         LINE#         99
  C:00BFH         LINE#         100
  C:00CCH         LINE#         101
  C:00D7H         LINE#         102
  C:00D7H         LINE#         103
  C:00DEH         LINE#         104
  C:00E4H         LINE#         106
  C:00E8H         LINE#         107
  C:00EBH         LINE#         108
  -------         ENDPROC       _SYSCLK_CCO
  -------         ENDMOD        MAIN

  -------         MODULE        ?C?CCASE
  C:0115H         PUBLIC        ?C?CCASE
  -------         ENDMOD        ?C?CCASE

Program Size: data=10.0 xdata=0 code=354
LINK/LOCATE RUN COMPLETE.  0 WARNING(S),  0 ERROR(S)
