BL51 BANKED LINKER/LOCATER V6.22.2.0                                                    05/13/2025  08:44:01  PAGE 1


BL51 BANKED LINKER/LOCATER V6.22.2.0, INVOKED BY:
D:\KEIL_V5\C51\BIN\BL51.EXE .\Objects\main.obj TO .\Objects\test PRINT (.\Listings\test.m51) RAMSIZE (256)


MEMORY MODEL: SMALL


INPUT MODULES INCLUDED:
  .\Objects\main.obj (MAIN)
  D:\KEIL_V5\C51\LIB\C51S.LIB (?C_STARTUP)
  D:\KEIL_V5\C51\LIB\C51S.LIB (?C?CCASE)
  D:\KEIL_V5\C51\LIB\C51S.LIB (PRINTF)
  D:\KEIL_V5\C51\LIB\C51S.LIB (?C?CLDPTR)
  D:\KEIL_V5\C51\LIB\C51S.LIB (?C?CLDOPTR)
  D:\KEIL_V5\C51\LIB\C51S.LIB (?C?CSTPTR)
  D:\KEIL_V5\C51\LIB\C51S.LIB (?C?PLDIIDATA)


LINK MAP OF MODULE:  .\Objects\test (MAIN)


            TYPE    BASE      LENGTH    RELOCATION   SEGMENT NAME
            -----------------------------------------------------

            * * * * * * *   D A T A   M E M O R Y   * * * * * * *
            REG     0000H     0008H     ABSOLUTE     "REG BANK 0"
            DATA    0008H     0018H     UNIT         _DATA_GROUP_
            BIT     0020H.0   0001H.1   UNIT         _BIT_GROUP_
                    0021H.1   0000H.7                *** GAP ***
            IDATA   0022H     0001H     UNIT         ?STACK

            * * * * * * *   C O D E   M E M O R Y   * * * * * * *
            CODE    0000H     0003H     ABSOLUTE     
            CODE    0003H     035CH     UNIT         ?PR?PRINTF?PRINTF
            CODE    035FH     00E9H     UNIT         ?PR?_SYSCLK_CCO?MAIN
            CODE    0448H     008EH     UNIT         ?C?LIB_CODE
            CODE    04D6H     005AH     UNIT         ?PR?MAIN?MAIN
            CODE    0530H     0029H     UNIT         ?PR?_DELAY?MAIN
            CODE    0559H     0017H     UNIT         ?PR?UART1_INIT?MAIN
            CODE    0570H     0017H     UNIT         ?CO?MAIN
            CODE    0587H     0013H     UNIT         ?PR?IO_INIT?MAIN
            CODE    059AH     000CH     UNIT         ?C_C51STARTUP
            CODE    05A6H     000BH     UNIT         ?PR?DELAY384US?MAIN
            CODE    05B1H     0008H     UNIT         ?PR?_U1SEND_C?MAIN
            CODE    05B9H     0006H     UNIT         ?PR?READ_CARD?MAIN
            CODE    05BFH     0005H     UNIT         ?PR?_PUTCHAR?MAIN



OVERLAY MAP OF MODULE:   .\Objects\test (MAIN)


SEGMENT                           BIT_GROUP          DATA_GROUP 
  +--> CALLED SEGMENT          START    LENGTH     START    LENGTH
------------------------------------------------------------------
?C_C51STARTUP                  -----    -----      -----    -----
  +--> ?PR?MAIN?MAIN

BL51 BANKED LINKER/LOCATER V6.22.2.0                                                  05/13/2025  08:44:01  PAGE 2


?PR?MAIN?MAIN                  -----    -----      0008H    0004H
  +--> ?PR?IO_INIT?MAIN
  +--> ?PR?_SYSCLK_CCO?MAIN
  +--> ?PR?UART1_INIT?MAIN
  +--> ?PR?READ_CARD?MAIN
  +--> ?CO?MAIN
  +--> ?PR?PRINTF?PRINTF

?PR?IO_INIT?MAIN               -----    -----      -----    -----
  +--> ?PR?_DELAY?MAIN

?PR?_SYSCLK_CCO?MAIN           -----    -----      000CH    0001H

?PR?PRINTF?PRINTF              0020H.0  0001H.1    000CH    0014H
  +--> ?PR?_PUTCHAR?MAIN

?PR?_PUTCHAR?MAIN              -----    -----      -----    -----
  +--> ?PR?_U1SEND_C?MAIN



SYMBOL TABLE OF MODULE:  .\Objects\test (MAIN)

  VALUE           TYPE          NAME
  ----------------------------------

  -------         MODULE        MAIN
  C:0000H         SYMBOL        _ICE_DUMMY_
  D:0092H         PUBLIC        P1M0
  D:0091H         PUBLIC        P1M1
  D:0080H         PUBLIC        P0
  D:00B2H         PUBLIC        P3M0
  D:0090H         PUBLIC        P1
  D:00B1H         PUBLIC        P3M1
  D:00A0H         PUBLIC        P2
  D:00B0H         PUBLIC        P3
  D:00C0H         PUBLIC        P4
  D:00C8H         PUBLIC        P5
  D:00E8H         PUBLIC        P6
  D:00F8H         PUBLIC        P7
  D:00BAH         PUBLIC        P_SW2
  D:00A8H         PUBLIC        IE
  C:035FH         PUBLIC        _SYSCLK_CCO
  C:0530H         PUBLIC        _delay
  D:00B8H         PUBLIC        IP
  B:0098H.0       PUBLIC        RI
  C:05A6H         PUBLIC        delay384us
  B:0098H.1       PUBLIC        TI
  D:00D8H         PUBLIC        CCON
  C:04D6H         PUBLIC        main
  C:0587H         PUBLIC        IO_init
  D:0099H         PUBLIC        SBUF
  D:0098H         PUBLIC        SCON
  D:0088H         PUBLIC        TCON
  D:008EH         PUBLIC        AUXR
  D:00D6H         PUBLIC        T2H
  D:00D7H         PUBLIC        T2L
BL51 BANKED LINKER/LOCATER V6.22.2.0                                                  05/13/2025  08:44:01  PAGE 3


  C:05B1H         PUBLIC        _U1SEND_C
  C:05B9H         PUBLIC        Read_Card
  C:0559H         PUBLIC        UART1_Init
  D:00D0H         PUBLIC        PSW
  C:05BFH         PUBLIC        _putchar
  -------         PROC          MAIN
  -------         DO            
  D:0008H         SYMBOL        SN
  -------         ENDDO         
  C:04D6H         LINE#         30
  C:04D6H         LINE#         31
  C:04D6H         LINE#         32
  C:04DFH         LINE#         33
  C:04E2H         LINE#         34
  C:04EBH         LINE#         35
  C:04EEH         LINE#         36
  C:04EEH         LINE#         37
  C:04EEH         LINE#         38
  C:04F9H         LINE#         39
  C:04FFH         LINE#         40
  C:04FFH         LINE#         41
  C:0510H         LINE#         42
  C:0525H         LINE#         43
  C:052EH         LINE#         44
  C:052EH         LINE#         45
  -------         ENDPROC       MAIN
  -------         PROC          _DELAY
  D:0006H         SYMBOL        Count
  -------         DO            
  D:0005H         SYMBOL        i
  D:0004H         SYMBOL        j
  -------         ENDDO         
  C:0530H         LINE#         50
  C:0530H         LINE#         51
  C:0530H         LINE#         53
  C:053AH         LINE#         54
  C:053AH         LINE#         55
  C:0546H         LINE#         56
  C:0558H         LINE#         57
  C:0558H         LINE#         58
  -------         ENDPROC       _DELAY
  -------         PROC          DELAY384US
  -------         DO            
  D:0007H         SYMBOL        i
  D:0006H         SYMBOL        j
  -------         ENDDO         
  C:05A6H         LINE#         63
  C:05A6H         LINE#         64
  C:05A6H         LINE#         66
  C:05A7H         LINE#         67
  C:05A8H         LINE#         68
  C:05AAH         LINE#         69
  C:05ACH         LINE#         71
  C:05ACH         LINE#         72
  C:05AEH         LINE#         73
  C:05B0H         LINE#         74
  -------         ENDPROC       DELAY384US
BL51 BANKED LINKER/LOCATER V6.22.2.0                                                  05/13/2025  08:44:01  PAGE 4


  -------         PROC          IO_INIT
  C:0587H         LINE#         78
  C:0587H         LINE#         79
  C:0587H         LINE#         81
  C:058AH         LINE#         82
  C:058DH         LINE#         84
  C:0590H         LINE#         85
  C:0593H         LINE#         86
  -------         ENDPROC       IO_INIT
  -------         PROC          _SYSCLK_CCO
  D:0007H         SYMBOL        TYPE
  D:0005H         SYMBOL        SET_F
  D:000CH         SYMBOL        SET_P
  C:035FH         LINE#         93
  C:0361H         LINE#         94
  C:0361H         LINE#         95
  C:0364H         LINE#         96
  C:036DH         LINE#         97
  C:036DH         LINE#         98
  C:036DH         LINE#         99
  C:036DH         LINE#         100
  C:0374H         LINE#         101
  C:037BH         LINE#         103
  C:0382H         LINE#         104
  C:0386H         LINE#         105
  C:0388H         LINE#         106
  C:0388H         LINE#         107
  C:0388H         LINE#         108
  C:0388H         LINE#         109
  C:0388H         LINE#         110
  C:038FH         LINE#         111
  C:0396H         LINE#         112
  C:039DH         LINE#         113
  C:039DH         LINE#         114
  C:039DH         LINE#         115
  C:03C0H         LINE#         116
  C:03C0H         LINE#         117
  C:03CDH         LINE#         118
  C:03DAH         LINE#         119
  C:03E7H         LINE#         120
  C:03F4H         LINE#         121
  C:0401H         LINE#         122
  C:040EH         LINE#         123
  C:041BH         LINE#         124
  C:0428H         LINE#         125
  C:0433H         LINE#         126
  C:0433H         LINE#         127
  C:043AH         LINE#         128
  C:0440H         LINE#         130
  C:0444H         LINE#         131
  C:0447H         LINE#         132
  -------         ENDPROC       _SYSCLK_CCO
  -------         PROC          UART1_INIT
  C:0559H         LINE#         136
  C:0559H         LINE#         137
  C:0559H         LINE#         138
  C:055CH         LINE#         139
BL51 BANKED LINKER/LOCATER V6.22.2.0                                                  05/13/2025  08:44:01  PAGE 5


  C:055FH         LINE#         140
  C:0562H         LINE#         141
  C:0565H         LINE#         142
  C:0568H         LINE#         143
  C:056BH         LINE#         144
  C:056FH         LINE#         145
  -------         ENDPROC       UART1_INIT
  -------         PROC          _U1SEND_C
  D:0007H         SYMBOL        SEND_C
  C:05B1H         LINE#         150
  C:05B1H         LINE#         151
  C:05B1H         LINE#         152
  C:05B3H         LINE#         153
  C:05B5H         LINE#         154
  C:05B8H         LINE#         155
  -------         ENDPROC       _U1SEND_C
  -------         PROC          _PUTCHAR
  D:0006H         SYMBOL        ch
  C:05BFH         LINE#         159
  C:05C1H         LINE#         160
  C:05C1H         LINE#         161
  -------         ENDPROC       _PUTCHAR
  -------         PROC          READ_CARD
  C:05B9H         LINE#         167
  C:05B9H         LINE#         168
  C:05B9H         LINE#         169
  C:05BEH         LINE#         171
  -------         ENDPROC       READ_CARD
  -------         ENDMOD        MAIN

  -------         MODULE        ?C?CCASE
  C:0448H         PUBLIC        ?C?CCASE
  -------         ENDMOD        ?C?CCASE

  -------         MODULE        PRINTF
  D:000CH         PUBLIC        ?_PRINTF517?BYTE
  D:000CH         PUBLIC        ?_PRINTF?BYTE
  D:000CH         PUBLIC        ?_SPRINTF517?BYTE
  D:000CH         PUBLIC        ?_SPRINTF?BYTE
  C:0065H         PUBLIC        _PRINTF
  C:0065H         PUBLIC        _PRINTF517
  C:005FH         PUBLIC        _SPRINTF
  C:005FH         PUBLIC        _SPRINTF517
  -------         ENDMOD        PRINTF

  -------         MODULE        ?C?CLDPTR
  C:046EH         PUBLIC        ?C?CLDPTR
  -------         ENDMOD        ?C?CLDPTR

  -------         MODULE        ?C?CLDOPTR
  C:0487H         PUBLIC        ?C?CLDOPTR
  -------         ENDMOD        ?C?CLDOPTR

  -------         MODULE        ?C?CSTPTR
  C:04B4H         PUBLIC        ?C?CSTPTR
  -------         ENDMOD        ?C?CSTPTR

BL51 BANKED LINKER/LOCATER V6.22.2.0                                                  05/13/2025  08:44:01  PAGE 6


  -------         MODULE        ?C?PLDIIDATA
  C:04C6H         PUBLIC        ?C?PLDIIDATA
  -------         ENDMOD        ?C?PLDIIDATA

*** WARNING L16: UNCALLED SEGMENT, IGNORED FOR OVERLAY PROCESS
    SEGMENT: ?PR?DELAY384US?MAIN

Program Size: data=34.1 xdata=0 code=1476
LINK/LOCATE RUN COMPLETE.  1 WARNING(S),  0 ERROR(S)
