BL51 BANKED LINKER/LOCATER V6.22.2.0                                                    06/07/2023  12:40:45  PAGE 1


BL51 BANKED LINKER/LOCATER V6.22.2.0, INVOKED BY:
D:\KEIL_V5\C51\BIN\BL51.EXE .\Objects\main.obj TO .\Objects\test PRINT (.\Listings\test.m51) RAMSIZE (256)


MEMORY MODEL: SMALL


INPUT MODULES INCLUDED:
  .\Objects\main.obj (MAIN)
  D:\KEIL_V5\C51\LIB\C51S.LIB (?C_STARTUP)
  D:\KEIL_V5\C51\LIB\C51S.LIB (?C?CLDPTR)


LINK MAP OF MODULE:  .\Objects\test (MAIN)


            TYPE    BASE      LENGTH    RELOCATION   SEGMENT NAME
            -----------------------------------------------------

            * * * * * * *   D A T A   M E M O R Y   * * * * * * *
            REG     0000H     0008H     ABSOLUTE     "REG BANK 0"
            IDATA   0008H     0001H     UNIT         ?STACK

            * * * * * * *   C O D E   M E M O R Y   * * * * * * *
            CODE    0000H     0003H     ABSOLUTE     
            CODE    0003H     0041H     UNIT         ?PR?MAIN?MAIN
            CODE    0044H     0034H     UNIT         ?CO?MAIN
            CODE    0078H     0029H     UNIT         ?PR?_DELAY?MAIN
            CODE    00A1H     001BH     UNIT         ?PR?UART_INIT?MAIN
            CODE    00BCH     0019H     UNIT         ?C?LIB_CODE
            CODE    00D5H     0013H     UNIT         ?PR?_SENDSTRING?MAIN
            CODE    00E8H     000DH     UNIT         ?PR?IO_INIT?MAIN
            CODE    00F5H     000CH     UNIT         ?C_C51STARTUP
            CODE    0101H     0008H     UNIT         ?PR?_SENDDATA?MAIN



OVERLAY MAP OF MODULE:   .\Objects\test (MAIN)


SEGMENT
  +--> CALLED SEGMENT
---------------------
?C_C51STARTUP
  +--> ?PR?MAIN?MAIN

?PR?MAIN?MAIN
  +--> ?PR?IO_INIT?MAIN
  +--> ?PR?UART_INIT?MAIN
  +--> ?PR?_DELAY?MAIN
  +--> ?CO?MAIN
  +--> ?PR?_SENDSTRING?MAIN

?PR?IO_INIT?MAIN
  +--> ?PR?_DELAY?MAIN

?PR?_SENDSTRING?MAIN
  +--> ?PR?_SENDDATA?MAIN
BL51 BANKED LINKER/LOCATER V6.22.2.0                                                  06/07/2023  12:40:45  PAGE 2





SYMBOL TABLE OF MODULE:  .\Objects\test (MAIN)

  VALUE           TYPE          NAME
  ----------------------------------

  -------         MODULE        MAIN
  C:0000H         SYMBOL        _ICE_DUMMY_
  D:0080H         PUBLIC        P0
  D:00B2H         PUBLIC        P3M0
  D:0090H         PUBLIC        P1
  D:00B1H         PUBLIC        P3M1
  D:00A0H         PUBLIC        P2
  D:00B0H         PUBLIC        P3
  D:00C0H         PUBLIC        P4
  D:00C8H         PUBLIC        P5
  D:00E8H         PUBLIC        P6
  B:00A8H.7       PUBLIC        EA
  D:00F8H         PUBLIC        P7
  C:00D5H         PUBLIC        _SendString
  C:0101H         PUBLIC        _SendData
  D:00A8H         PUBLIC        IE
  C:0078H         PUBLIC        _delay
  B:00A8H.4       PUBLIC        ES
  D:00B8H         PUBLIC        IP
  B:00B0H.4       PUBLIC        KEY1
  B:00B0H.3       PUBLIC        KEY2
  B:0098H.1       PUBLIC        TI
  D:00D8H         PUBLIC        CCON
  C:0003H         PUBLIC        main
  C:00E8H         PUBLIC        IO_init
  D:0099H         PUBLIC        SBUF
  D:0098H         PUBLIC        SCON
  D:0089H         PUBLIC        TMOD
  D:0088H         PUBLIC        TCON
  D:008EH         PUBLIC        AUXR
  B:00A8H.3       PUBLIC        ET1
  D:008DH         PUBLIC        TH1
  D:008BH         PUBLIC        TL1
  C:00A1H         PUBLIC        UART_init
  B:0088H.6       PUBLIC        TR1
  D:00D0H         PUBLIC        PSW
  -------         PROC          MAIN
  C:0003H         LINE#         40
  C:0003H         LINE#         41
  C:0003H         LINE#         42
  C:0006H         LINE#         43
  C:0009H         LINE#         44
  C:0010H         LINE#         45
  C:0010H         LINE#         46
  C:0010H         LINE#         47
  C:0013H         LINE#         48
  C:0013H         LINE#         49
  C:001AH         LINE#         50
  C:001DH         LINE#         51
BL51 BANKED LINKER/LOCATER V6.22.2.0                                                  06/07/2023  12:40:45  PAGE 3


  C:001DH         LINE#         52
  C:0026H         LINE#         53
  C:0029H         LINE#         54
  C:0029H         LINE#         55
  C:0029H         LINE#         56
  C:002CH         LINE#         57
  C:002CH         LINE#         58
  C:0033H         LINE#         59
  C:0036H         LINE#         60
  C:0036H         LINE#         61
  C:003FH         LINE#         62
  -------         ENDPROC       MAIN
  -------         PROC          _DELAY
  D:0006H         SYMBOL        Count
  -------         DO            
  D:0005H         SYMBOL        i
  D:0004H         SYMBOL        j
  -------         ENDDO         
  C:0078H         LINE#         70
  C:0078H         LINE#         71
  C:0078H         LINE#         73
  C:0082H         LINE#         74
  C:0082H         LINE#         75
  C:008EH         LINE#         76
  C:00A0H         LINE#         77
  C:00A0H         LINE#         78
  -------         ENDPROC       _DELAY
  -------         PROC          IO_INIT
  C:00E8H         LINE#         82
  C:00E8H         LINE#         83
  C:00E8H         LINE#         85
  C:00EBH         LINE#         86
  C:00EEH         LINE#         87
  -------         ENDPROC       IO_INIT
  -------         PROC          UART_INIT
  C:00A1H         LINE#         92
  C:00A1H         LINE#         93
  C:00A1H         LINE#         94
  C:00A4H         LINE#         95
  C:00A7H         LINE#         96
  C:00AAH         LINE#         97
  C:00ADH         LINE#         98
  C:00B0H         LINE#         99
  C:00B3H         LINE#         100
  C:00B5H         LINE#         101
  C:00B7H         LINE#         102
  C:00B9H         LINE#         103
  C:00BBH         LINE#         104
  -------         ENDPROC       UART_INIT
  -------         PROC          _SENDDATA
  D:0007H         SYMBOL        dat
  C:0101H         LINE#         109
  C:0101H         LINE#         110
  C:0101H         LINE#         111
  C:0103H         LINE#         112
  C:0106H         LINE#         113
  C:0108H         LINE#         114
BL51 BANKED LINKER/LOCATER V6.22.2.0                                                  06/07/2023  12:40:45  PAGE 4


  -------         ENDPROC       _SENDDATA
  -------         PROC          _SENDSTRING
  D:0001H         SYMBOL        s
  C:00D5H         LINE#         120
  C:00D5H         LINE#         121
  C:00D5H         LINE#         122
  C:00DBH         LINE#         123
  C:00DBH         LINE#         124
  C:00DEH         LINE#         125
  C:00E5H         LINE#         126
  C:00E7H         LINE#         127
  -------         ENDPROC       _SENDSTRING
  -------         ENDMOD        MAIN

  -------         MODULE        ?C?CLDPTR
  C:00BCH         PUBLIC        ?C?CLDPTR
  -------         ENDMOD        ?C?CLDPTR

Program Size: data=9.0 xdata=0 code=265
LINK/LOCATE RUN COMPLETE.  0 WARNING(S),  0 ERROR(S)
