BL51 BANKED LINKER/LOCATER V6.22.2.0                                                    06/07/2023  12:42:17  PAGE 1


BL51 BANKED LINKER/LOCATER V6.22.2.0, INVOKED BY:
D:\KEIL_V5\C51\BIN\BL51.EXE .\Objects\main.obj TO .\Objects\test PRINT (.\Listings\test.m51) RAMSIZE (256)


MEMORY MODEL: SMALL


INPUT MODULES INCLUDED:
  .\Objects\main.obj (MAIN)
  D:\KEIL_V5\C51\LIB\C51S.LIB (?C_STARTUP)
  D:\KEIL_V5\C51\LIB\C51S.LIB (?C?ULDIV)
  D:\KEIL_V5\C51\LIB\C51S.LIB (?C?ULCMP)
  D:\KEIL_V5\C51\LIB\C51S.LIB (?C?LSHL)
  D:\KEIL_V5\C51\LIB\C51S.LIB (?C?CCASE)
  D:\KEIL_V5\C51\LIB\C51S.LIB (?C_INIT)


LINK MAP OF MODULE:  .\Objects\test (MAIN)


            TYPE    BASE      LENGTH    RELOCATION   SEGMENT NAME
            -----------------------------------------------------

            * * * * * * *   D A T A   M E M O R Y   * * * * * * *
            REG     0000H     0008H     ABSOLUTE     "REG BANK 0"
            DATA    0008H     0032H     UNIT         ?DT?MAIN
            DATA    003AH     0015H     UNIT         _DATA_GROUP_
            IDATA   004FH     0001H     UNIT         ?STACK

            * * * * * * *   C O D E   M E M O R Y   * * * * * * *
            CODE    0000H     0003H     ABSOLUTE     
            CODE    0003H     039DH     UNIT         ?PR?MAIN?MAIN
            CODE    03A0H     01BAH     UNIT         ?PR?READ_CARD?MAIN
            CODE    055AH     0118H     UNIT         ?C?LIB_CODE
            CODE    0672H     00E9H     UNIT         ?PR?_SYSCLK_CCO?MAIN
            CODE    075BH     008CH     UNIT         ?C_C51STARTUP
            CODE    07E7H     0059H     UNIT         ?PR?LCD1602_DIS?MAIN
            CODE    0840H     004AH     UNIT         ?PR?LCD1602_INIT?MAIN
            CODE    088AH     0039H     UNIT         ?C_INITSEG
            CODE    08C3H     0033H     UNIT         ?PR?_DELAY?MAIN
            CODE    08F6H     0030H     UNIT         ?PR?_LCD1602_WRITE?MAIN
            CODE    0926H     002BH     UNIT         ?PR?_LCD1602_DIS_CHAR?MAIN
            CODE    0951H     001FH     UNIT         ?PR?IO_INIT?MAIN
            CODE    0970H     000BH     UNIT         ?PR?DELAY384US?MAIN



OVERLAY MAP OF MODULE:   .\Objects\test (MAIN)


SEGMENT                              DATA_GROUP 
  +--> CALLED SEGMENT              START    LENGTH
--------------------------------------------------
?C_C51STARTUP                      -----    -----
  +--> ?PR?MAIN?MAIN
  +--> ?C_INITSEG

?PR?MAIN?MAIN                      003AH    0004H
BL51 BANKED LINKER/LOCATER V6.22.2.0                                                  06/07/2023  12:42:17  PAGE 2


  +--> ?PR?IO_INIT?MAIN
  +--> ?PR?_SYSCLK_CCO?MAIN
  +--> ?PR?_DELAY?MAIN
  +--> ?PR?LCD1602_INIT?MAIN
  +--> ?PR?LCD1602_DIS?MAIN
  +--> ?PR?READ_CARD?MAIN
  +--> ?PR?_LCD1602_DIS_CHAR?MAIN

?PR?IO_INIT?MAIN                   -----    -----
  +--> ?PR?_DELAY?MAIN

?PR?_SYSCLK_CCO?MAIN               003EH    0001H

?PR?LCD1602_INIT?MAIN              -----    -----
  +--> ?PR?_LCD1602_WRITE?MAIN
  +--> ?PR?_DELAY?MAIN

?PR?_LCD1602_WRITE?MAIN            -----    -----
  +--> ?PR?_DELAY?MAIN

?PR?LCD1602_DIS?MAIN               003EH    0001H
  +--> ?PR?_LCD1602_WRITE?MAIN
  +--> ?PR?_DELAY?MAIN

?PR?READ_CARD?MAIN                 003EH    0011H
  +--> ?PR?DELAY384US?MAIN

?PR?_LCD1602_DIS_CHAR?MAIN         003EH    0001H
  +--> ?PR?_LCD1602_WRITE?MAIN



SYMBOL TABLE OF MODULE:  .\Objects\test (MAIN)

  VALUE           TYPE          NAME
  ----------------------------------

  -------         MODULE        MAIN
  C:0000H         SYMBOL        _ICE_DUMMY_
  D:0092H         PUBLIC        P1M0
  D:0091H         PUBLIC        P1M1
  D:0080H         PUBLIC        P0
  D:00B2H         PUBLIC        P3M0
  D:0090H         PUBLIC        P1
  D:00B1H         PUBLIC        P3M1
  D:00A0H         PUBLIC        P2
  D:00B0H         PUBLIC        P3
  D:00C0H         PUBLIC        P4
  D:00C8H         PUBLIC        P5
  D:00E8H         PUBLIC        P6
  D:00F8H         PUBLIC        P7
  C:08FDH         PUBLIC        _LCD1602_Write
  D:00BAH         PUBLIC        P_SW2
  D:00A8H         PUBLIC        IE
  C:0672H         PUBLIC        _SYSCLK_CCO
  C:08CDH         PUBLIC        _delay
  D:00B8H         PUBLIC        IP
BL51 BANKED LINKER/LOCATER V6.22.2.0                                                  06/07/2023  12:42:17  PAGE 3


  C:0970H         PUBLIC        delay384us
  D:00D8H         PUBLIC        CCON
  C:0003H         PUBLIC        main
  C:0951H         PUBLIC        IO_init
  D:0098H         PUBLIC        SCON
  C:0840H         PUBLIC        LCD1602_init
  D:0088H         PUBLIC        TCON
  D:0008H         PUBLIC        table1
  D:0019H         PUBLIC        table2
  C:03A0H         PUBLIC        Read_Card
  C:0932H         PUBLIC        _LCD1602_DIS_CHAR
  C:07E7H         PUBLIC        LCD1602_DIS
  D:002AH         PUBLIC        HEX
  B:00B0H.7       PUBLIC        LCDEN
  B:00B0H.2       PUBLIC        Mcode
  B:00B0H.6       PUBLIC        LCDRS
  D:00D0H         PUBLIC        PSW
  -------         PROC          MAIN
  -------         DO            
  D:003AH         SYMBOL        SN
  -------         ENDDO         
  C:0003H         LINE#         50
  C:0003H         LINE#         51
  C:0003H         LINE#         52
  C:000CH         LINE#         53
  C:000FH         LINE#         54
  C:0018H         LINE#         55
  C:0021H         LINE#         56
  C:002AH         LINE#         57
  C:002DH         LINE#         58
  C:0034H         LINE#         59
  C:0037H         LINE#         60
  C:0037H         LINE#         61
  C:0037H         LINE#         62
  C:0042H         LINE#         63
  C:0048H         LINE#         64
  C:0048H         LINE#         66
  C:008CH         LINE#         67
  C:00CFH         LINE#         68
  C:0115H         LINE#         69
  C:0152H         LINE#         70
  C:0186H         LINE#         71
  C:01B1H         LINE#         72
  C:01D3H         LINE#         73
  C:01E5H         LINE#         75
  C:0203H         LINE#         76
  C:0234H         LINE#         77
  C:0265H         LINE#         78
  C:0296H         LINE#         79
  C:02C7H         LINE#         80
  C:02F7H         LINE#         81
  C:0326H         LINE#         82
  C:0354H         LINE#         83
  C:0381H         LINE#         84
  C:039DH         LINE#         85
  C:039DH         LINE#         86
  -------         ENDPROC       MAIN
BL51 BANKED LINKER/LOCATER V6.22.2.0                                                  06/07/2023  12:42:17  PAGE 4


  C:08C9H         SYMBOL        L?0117
  -------         PROC          L?0116
  -------         ENDPROC       L?0116
  C:08C9H         SYMBOL        L?0117
  -------         PROC          _DELAY
  D:0006H         SYMBOL        Count
  -------         DO            
  D:0005H         SYMBOL        i
  D:0004H         SYMBOL        j
  -------         ENDDO         
  C:08CDH         LINE#         91
  C:08CDH         LINE#         92
  C:08CDH         LINE#         94
  C:08D7H         LINE#         95
  C:08D7H         LINE#         96
  C:08E3H         LINE#         97
  C:08F5H         LINE#         98
  C:08F5H         LINE#         99
  -------         ENDPROC       _DELAY
  -------         PROC          DELAY384US
  -------         DO            
  D:0007H         SYMBOL        i
  D:0006H         SYMBOL        j
  -------         ENDDO         
  C:0970H         LINE#         104
  C:0970H         LINE#         105
  C:0970H         LINE#         107
  C:0971H         LINE#         108
  C:0972H         LINE#         109
  C:0974H         LINE#         110
  C:0976H         LINE#         112
  C:0976H         LINE#         113
  C:0978H         LINE#         114
  C:097AH         LINE#         115
  -------         ENDPROC       DELAY384US
  -------         PROC          IO_INIT
  C:0951H         LINE#         119
  C:0951H         LINE#         120
  C:0951H         LINE#         122
  C:0954H         LINE#         123
  C:0957H         LINE#         125
  C:095AH         LINE#         126
  C:095DH         LINE#         128
  C:0960H         LINE#         129
  C:0963H         LINE#         131
  C:0966H         LINE#         132
  C:0969H         LINE#         133
  -------         ENDPROC       IO_INIT
  -------         PROC          _SYSCLK_CCO
  D:0007H         SYMBOL        TYPE
  D:0005H         SYMBOL        SET_F
  D:003EH         SYMBOL        SET_P
  C:0672H         LINE#         140
  C:0674H         LINE#         141
  C:0674H         LINE#         142
  C:0677H         LINE#         143
  C:0680H         LINE#         144
BL51 BANKED LINKER/LOCATER V6.22.2.0                                                  06/07/2023  12:42:17  PAGE 5


  C:0680H         LINE#         145
  C:0680H         LINE#         146
  C:0680H         LINE#         147
  C:0687H         LINE#         148
  C:068EH         LINE#         150
  C:0695H         LINE#         151
  C:0699H         LINE#         152
  C:069BH         LINE#         153
  C:069BH         LINE#         154
  C:069BH         LINE#         155
  C:069BH         LINE#         156
  C:069BH         LINE#         157
  C:06A2H         LINE#         158
  C:06A9H         LINE#         159
  C:06B0H         LINE#         160
  C:06B0H         LINE#         161
  C:06B0H         LINE#         162
  C:06D3H         LINE#         163
  C:06D3H         LINE#         164
  C:06E0H         LINE#         165
  C:06EDH         LINE#         166
  C:06FAH         LINE#         167
  C:0707H         LINE#         168
  C:0714H         LINE#         169
  C:0721H         LINE#         170
  C:072EH         LINE#         171
  C:073BH         LINE#         172
  C:0746H         LINE#         173
  C:0746H         LINE#         174
  C:074DH         LINE#         175
  C:0753H         LINE#         177
  C:0757H         LINE#         178
  C:075AH         LINE#         179
  -------         ENDPROC       _SYSCLK_CCO
  -------         PROC          LCD1602_INIT
  C:0840H         LINE#         183
  C:0840H         LINE#         184
  C:0840H         LINE#         185
  C:084EH         LINE#         186
  C:0857H         LINE#         187
  C:0860H         LINE#         188
  C:086EH         LINE#         189
  C:087CH         LINE#         190
  -------         ENDPROC       LCD1602_INIT
  -------         PROC          LCD1602_DIS
  -------         DO            
  D:003EH         SYMBOL        i
  -------         ENDDO         
  C:07E7H         LINE#         195
  C:07E7H         LINE#         196
  C:07E7H         LINE#         198
  C:07EEH         LINE#         199
  C:07F5H         LINE#         200
  C:0803H         LINE#         201
  C:0803H         LINE#         202
  C:0808H         LINE#         203
  C:080FH         LINE#         204
BL51 BANKED LINKER/LOCATER V6.22.2.0                                                  06/07/2023  12:42:17  PAGE 6


  C:0813H         LINE#         205
  C:081AH         LINE#         206
  C:0821H         LINE#         207
  C:082FH         LINE#         208
  C:082FH         LINE#         209
  C:0834H         LINE#         210
  C:083BH         LINE#         211
  C:083FH         LINE#         212
  -------         ENDPROC       LCD1602_DIS
  -------         PROC          L?0118
  -------         ENDPROC       L?0118
  -------         PROC          _LCD1602_WRITE
  D:0003H         SYMBOL        cmdordata
  D:0005H         SYMBOL        writetype
  -------         DO            
  D:0007H         SYMBOL        temp
  -------         ENDDO         
  C:08FDH         LINE#         217
  C:08FFH         LINE#         218
  C:08FFH         LINE#         219
  C:08FFH         LINE#         220
  C:0904H         LINE#         221
  C:0907H         LINE#         222
  C:090AH         LINE#         223
  C:090EH         LINE#         224
  C:090EH         LINE#         225
  C:0911H         LINE#         226
  C:0916H         LINE#         227
  C:0919H         LINE#         228
  C:091AH         LINE#         229
  C:091DH         LINE#         230
  -------         ENDPROC       _LCD1602_WRITE
  -------         PROC          L?0115
  -------         ENDPROC       L?0115
  -------         PROC          _LCD1602_DIS_CHAR
  D:0007H         SYMBOL        x
  D:0005H         SYMBOL        y
  D:003EH         SYMBOL        z
  -------         DO            
  D:0001H         SYMBOL        address
  -------         ENDDO         
  C:0932H         LINE#         236
  C:0934H         LINE#         237
  C:0934H         LINE#         239
  C:0939H         LINE#         240
  C:093FH         LINE#         242
  C:0943H         LINE#         243
  C:094AH         LINE#         244
  -------         ENDPROC       _LCD1602_DIS_CHAR
  -------         PROC          READ_CARD
  -------         DO            
  D:003EH         SYMBOL        i
  D:003FH         SYMBOL        timeout
  D:0040H         SYMBOL        timeout_flag
  D:0003H         SYMBOL        row
  D:0002H         SYMBOL        col
  D:0001H         SYMBOL        row_parity
BL51 BANKED LINKER/LOCATER V6.22.2.0                                                  06/07/2023  12:42:17  PAGE 7


  D:0041H         SYMBOL        col_parity
  D:0046H         SYMBOL        M_data
  D:0047H         SYMBOL        temp
  D:004BH         SYMBOL        search
  -------         ENDDO         
  C:03A0H         LINE#         249
  C:03A0H         LINE#         250
  C:03A0H         LINE#         251
  C:03A3H         LINE#         259
  C:03ABH         LINE#         260
  C:03ABH         LINE#         261
  C:03ABH         LINE#         263
  C:03BFH         LINE#         264
  C:03C4H         LINE#         266
  C:03D9H         LINE#         267
  C:03DCH         LINE#         269
  C:03DFH         LINE#         270
  C:03DFH         LINE#         271
  C:03E7H         LINE#         272
  C:03E7H         LINE#         274
  C:03E9H         LINE#         275
  C:03EBH         LINE#         277
  C:03F1H         LINE#         278
  C:03F1H         LINE#         280
  C:03F4H         LINE#         282
  C:03F7H         LINE#         283
  C:03FAH         LINE#         284
  C:03FAH         LINE#         285
  C:0407H         LINE#         286
  C:0407H         LINE#         287
  C:040AH         LINE#         288
  C:040DH         LINE#         289
  C:040DH         LINE#         290
  C:0415H         LINE#         291
  C:0415H         LINE#         292
  C:041AH         LINE#         293
  C:041AH         LINE#         294
  C:041CH         LINE#         295
  C:041EH         LINE#         296
  C:0421H         LINE#         297
  C:0428H         LINE#         300
  C:0428H         LINE#         301
  C:042CH         LINE#         303
  C:0430H         LINE#         304
  C:0430H         LINE#         305
  C:0432H         LINE#         306
  C:0432H         LINE#         309
  C:043BH         LINE#         310
  C:043BH         LINE#         311
  C:043DH         LINE#         312
  C:043FH         LINE#         313
  C:0442H         LINE#         314
  C:0442H         LINE#         315
  C:044AH         LINE#         316
  C:044AH         LINE#         317
  C:044EH         LINE#         318
  C:044EH         LINE#         319
BL51 BANKED LINKER/LOCATER V6.22.2.0                                                  06/07/2023  12:42:17  PAGE 8


  C:0450H         LINE#         320
  C:0452H         LINE#         321
  C:0456H         LINE#         322
  C:0456H         LINE#         323
  C:045CH         LINE#         324
  C:045CH         LINE#         328
  C:0463H         LINE#         329
  C:0467H         LINE#         330
  C:0475H         LINE#         332
  C:0475H         LINE#         333
  C:0485H         LINE#         334
  C:0485H         LINE#         335
  C:0488H         LINE#         336
  C:048BH         LINE#         337
  C:0490H         LINE#         339
  C:0493H         LINE#         341
  C:04A7H         LINE#         343
  C:04A7H         LINE#         344
  C:04BCH         LINE#         345
  C:04D5H         LINE#         346
  C:04D5H         LINE#         349
  C:04D9H         LINE#         350
  C:04E1H         LINE#         352
  C:04E4H         LINE#         353
  C:04EEH         LINE#         354
  C:04EEH         LINE#         355
  C:04F6H         LINE#         356
  C:04F6H         LINE#         357
  C:04FBH         LINE#         358
  C:04FBH         LINE#         359
  C:04FDH         LINE#         360
  C:04FFH         LINE#         361
  C:0503H         LINE#         362
  C:0503H         LINE#         364
  C:0507H         LINE#         366
  C:0511H         LINE#         368
  C:0511H         LINE#         369
  C:0519H         LINE#         371
  C:0519H         LINE#         372
  C:0522H         LINE#         373
  C:0525H         LINE#         374
  C:0527H         LINE#         375
  C:0527H         LINE#         377
  C:0527H         LINE#         379
  C:052BH         LINE#         382
  C:0543H         LINE#         385
  C:0543H         LINE#         386
  C:0546H         LINE#         387
  C:054EH         LINE#         388
  C:0551H         LINE#         389
  C:0551H         LINE#         391
  C:0559H         LINE#         392
  C:0559H         LINE#         393
  C:0559H         LINE#         394
  C:0559H         LINE#         395
  C:0559H         LINE#         396
  C:0559H         LINE#         397
BL51 BANKED LINKER/LOCATER V6.22.2.0                                                  06/07/2023  12:42:17  PAGE 9


  -------         ENDPROC       READ_CARD
  -------         ENDMOD        MAIN

  -------         MODULE        ?C?ULDIV
  C:0596H         PUBLIC        ?C?ULDIV
  -------         ENDMOD        ?C?ULDIV

  -------         MODULE        ?C?ULCMP
  C:0628H         PUBLIC        ?C?ULCMP
  -------         ENDMOD        ?C?ULCMP

  -------         MODULE        ?C?LSHL
  C:0639H         PUBLIC        ?C?LSHL
  -------         ENDMOD        ?C?LSHL

  -------         MODULE        ?C?CCASE
  C:064CH         PUBLIC        ?C?CCASE
  -------         ENDMOD        ?C?CCASE

Program Size: data=80.0 xdata=0 code=2427
LINK/LOCATE RUN COMPLETE.  0 WARNING(S),  0 ERROR(S)
