BL51 BANKED LINKER/LOCATER V6.22.2.0                                                    05/18/2025  16:18:58  PAGE 1


BL51 BANKED LINKER/LOCATER V6.22.2.0, INVOKED BY:
D:\KEIL_V5\C51\BIN\BL51.EXE .\Objects\main.obj TO .\Objects\test PRINT (.\Listings\test.m51) RAMSIZE (256)


MEMORY MODEL: SMALL


INPUT MODULES INCLUDED:
  .\Objects\main.obj (MAIN)
  D:\KEIL_V5\C51\LIB\C51S.LIB (?C?ULCMP)
  D:\KEIL_V5\C51\LIB\C51S.LIB (?C?LSHL)
  D:\KEIL_V5\C51\LIB\C51S.LIB (?C?CCASE)


LINK MAP OF MODULE:  .\Objects\test (MAIN)


            TYPE    BASE      LENGTH    RELOCATION   SEGMENT NAME
            -----------------------------------------------------

            * * * * * * *   D A T A   M E M O R Y   * * * * * * *
            REG     0000H     0008H     ABSOLUTE     "REG BANK 0"
            DATA    0008H     0032H     UNIT         ?DT?MAIN
            DATA    003AH     0011H     UNIT         ?DT?READ_CARD?MAIN
            DATA    004BH     0001H     UNIT         ?DT?_SYSCLK_CCO?MAIN

            * * * * * * *   C O D E   M E M O R Y   * * * * * * *
            CODE    0000H     01BAH     UNIT         ?PR?READ_CARD?MAIN
            CODE    01BAH     00E9H     UNIT         ?PR?_SYSCLK_CCO?MAIN
            CODE    02A3H     004AH     UNIT         ?C?LIB_CODE
            CODE    02EDH     0038H     UNIT         ?C_INITSEG
            CODE    0325H     001FH     UNIT         ?PR?IO_INIT?MAIN
            CODE    0344H     000BH     UNIT         ?PR?DELAY384US?MAIN



OVERLAY MAP OF MODULE:   .\Objects\test (MAIN)


SEGMENT
  +--> CALLED SEGMENT
---------------------


UNRESOLVED EXTERNAL SYMBOLS:
   _DELAY



SYMBOL TABLE OF MODULE:  .\Objects\test (MAIN)

  VALUE           TYPE          NAME
  ----------------------------------

  -------         MODULE        MAIN
  C:0000H         SYMBOL        _ICE_DUMMY_
  D:0092H         PUBLIC        P1M0
  D:0091H         PUBLIC        P1M1
BL51 BANKED LINKER/LOCATER V6.22.2.0                                                  05/18/2025  16:18:58  PAGE 2


  D:0080H         PUBLIC        P0
  D:00B2H         PUBLIC        P3M0
  D:0090H         PUBLIC        P1
  D:00B1H         PUBLIC        P3M1
  D:00A0H         PUBLIC        P2
  D:00B0H         PUBLIC        P3
  D:00C0H         PUBLIC        P4
  D:00C8H         PUBLIC        P5
  D:00E8H         PUBLIC        P6
  D:00F8H         PUBLIC        P7
  D:00BAH         PUBLIC        P_SW2
  D:00A8H         PUBLIC        IE
  C:01BAH         PUBLIC        _SYSCLK_CCO
  D:00B8H         PUBLIC        IP
  C:0344H         PUBLIC        delay384us
  D:00D8H         PUBLIC        CCON
  C:0325H         PUBLIC        IO_init
  D:0098H         PUBLIC        SCON
  D:0088H         PUBLIC        TCON
  D:0008H         PUBLIC        table1
  D:0019H         PUBLIC        table2
  C:0000H         PUBLIC        Read_Card
  D:002AH         PUBLIC        HEX
  B:00B0H.2       PUBLIC        Mcode
  D:00D0H         PUBLIC        PSW
  -------         PROC          DELAY384US
  -------         DO            
  D:0007H         SYMBOL        i
  D:0006H         SYMBOL        j
  -------         ENDDO         
  C:0344H         LINE#         43
  C:0344H         LINE#         44
  C:0344H         LINE#         46
  C:0345H         LINE#         47
  C:0346H         LINE#         48
  C:0348H         LINE#         49
  C:034AH         LINE#         51
  C:034AH         LINE#         52
  C:034CH         LINE#         53
  C:034EH         LINE#         54
  -------         ENDPROC       DELAY384US
  -------         PROC          IO_INIT
  C:0325H         LINE#         58
  C:0325H         LINE#         59
  C:0325H         LINE#         61
  C:0328H         LINE#         62
  C:032BH         LINE#         64
  C:032EH         LINE#         65
  C:0331H         LINE#         67
  C:0334H         LINE#         68
  C:0337H         LINE#         70
  C:033AH         LINE#         71
  C:033DH         LINE#         72
  -------         ENDPROC       IO_INIT
  -------         PROC          _SYSCLK_CCO
  D:0007H         SYMBOL        TYPE
  D:0005H         SYMBOL        SET_F
BL51 BANKED LINKER/LOCATER V6.22.2.0                                                  05/18/2025  16:18:58  PAGE 3


  D:004BH         SYMBOL        SET_P
  C:01BAH         LINE#         79
  C:01BCH         LINE#         80
  C:01BCH         LINE#         81
  C:01BFH         LINE#         82
  C:01C8H         LINE#         83
  C:01C8H         LINE#         84
  C:01C8H         LINE#         85
  C:01C8H         LINE#         86
  C:01CFH         LINE#         87
  C:01D6H         LINE#         89
  C:01DDH         LINE#         90
  C:01E1H         LINE#         91
  C:01E3H         LINE#         92
  C:01E3H         LINE#         93
  C:01E3H         LINE#         94
  C:01E3H         LINE#         95
  C:01E3H         LINE#         96
  C:01EAH         LINE#         97
  C:01F1H         LINE#         98
  C:01F8H         LINE#         99
  C:01F8H         LINE#         100
  C:01F8H         LINE#         101
  C:021BH         LINE#         102
  C:021BH         LINE#         103
  C:0228H         LINE#         104
  C:0235H         LINE#         105
  C:0242H         LINE#         106
  C:024FH         LINE#         107
  C:025CH         LINE#         108
  C:0269H         LINE#         109
  C:0276H         LINE#         110
  C:0283H         LINE#         111
  C:028EH         LINE#         112
  C:028EH         LINE#         113
  C:0295H         LINE#         114
  C:029BH         LINE#         116
  C:029FH         LINE#         117
  C:02A2H         LINE#         118
  -------         ENDPROC       _SYSCLK_CCO
  -------         PROC          READ_CARD
  -------         DO            
  D:003AH         SYMBOL        i
  D:003BH         SYMBOL        timeout
  D:003CH         SYMBOL        timeout_flag
  D:0003H         SYMBOL        row
  D:0002H         SYMBOL        col
  D:0001H         SYMBOL        row_parity
  D:003DH         SYMBOL        col_parity
  D:0042H         SYMBOL        M_data
  D:0043H         SYMBOL        temp
  D:0047H         SYMBOL        search
  -------         ENDDO         
  C:0000H         LINE#         168
  C:0000H         LINE#         169
  C:0000H         LINE#         170
  C:0003H         LINE#         178
BL51 BANKED LINKER/LOCATER V6.22.2.0                                                  05/18/2025  16:18:58  PAGE 4


  C:000BH         LINE#         179
  C:000BH         LINE#         180
  C:000BH         LINE#         182
  C:001FH         LINE#         183
  C:0024H         LINE#         185
  C:0039H         LINE#         186
  C:003CH         LINE#         188
  C:003FH         LINE#         189
  C:003FH         LINE#         190
  C:0047H         LINE#         191
  C:0047H         LINE#         193
  C:0049H         LINE#         194
  C:004BH         LINE#         196
  C:0051H         LINE#         197
  C:0051H         LINE#         199
  C:0054H         LINE#         201
  C:0057H         LINE#         202
  C:005AH         LINE#         203
  C:005AH         LINE#         204
  C:0067H         LINE#         205
  C:0067H         LINE#         206
  C:006AH         LINE#         207
  C:006DH         LINE#         208
  C:006DH         LINE#         209
  C:0075H         LINE#         210
  C:0075H         LINE#         211
  C:007AH         LINE#         212
  C:007AH         LINE#         213
  C:007CH         LINE#         214
  C:007EH         LINE#         215
  C:0081H         LINE#         216
  C:0088H         LINE#         219
  C:0088H         LINE#         220
  C:008CH         LINE#         222
  C:0090H         LINE#         223
  C:0090H         LINE#         224
  C:0092H         LINE#         225
  C:0092H         LINE#         228
  C:009BH         LINE#         229
  C:009BH         LINE#         230
  C:009DH         LINE#         231
  C:009FH         LINE#         232
  C:00A2H         LINE#         233
  C:00A2H         LINE#         234
  C:00AAH         LINE#         235
  C:00AAH         LINE#         236
  C:00AEH         LINE#         237
  C:00AEH         LINE#         238
  C:00B0H         LINE#         239
  C:00B2H         LINE#         240
  C:00B6H         LINE#         241
  C:00B6H         LINE#         242
  C:00BCH         LINE#         243
  C:00BCH         LINE#         247
  C:00C3H         LINE#         248
  C:00C7H         LINE#         249
  C:00D5H         LINE#         251
BL51 BANKED LINKER/LOCATER V6.22.2.0                                                  05/18/2025  16:18:58  PAGE 5


  C:00D5H         LINE#         252
  C:00E5H         LINE#         253
  C:00E5H         LINE#         254
  C:00E8H         LINE#         255
  C:00EBH         LINE#         256
  C:00F0H         LINE#         258
  C:00F3H         LINE#         260
  C:0107H         LINE#         262
  C:0107H         LINE#         263
  C:011CH         LINE#         264
  C:0135H         LINE#         265
  C:0135H         LINE#         268
  C:0139H         LINE#         269
  C:0141H         LINE#         271
  C:0144H         LINE#         272
  C:014EH         LINE#         273
  C:014EH         LINE#         274
  C:0156H         LINE#         275
  C:0156H         LINE#         276
  C:015BH         LINE#         277
  C:015BH         LINE#         278
  C:015DH         LINE#         279
  C:015FH         LINE#         280
  C:0163H         LINE#         281
  C:0163H         LINE#         283
  C:0167H         LINE#         285
  C:0171H         LINE#         287
  C:0171H         LINE#         288
  C:0179H         LINE#         290
  C:0179H         LINE#         291
  C:0182H         LINE#         292
  C:0185H         LINE#         293
  C:0187H         LINE#         294
  C:0187H         LINE#         296
  C:0187H         LINE#         298
  C:018BH         LINE#         301
  C:01A3H         LINE#         304
  C:01A3H         LINE#         305
  C:01A6H         LINE#         306
  C:01AEH         LINE#         307
  C:01B1H         LINE#         308
  C:01B1H         LINE#         310
  C:01B9H         LINE#         311
  C:01B9H         LINE#         312
  C:01B9H         LINE#         313
  C:01B9H         LINE#         314
  C:01B9H         LINE#         315
  C:01B9H         LINE#         316
  -------         ENDPROC       READ_CARD
  -------         ENDMOD        MAIN

  -------         MODULE        ?C?ULCMP
  C:02A3H         PUBLIC        ?C?ULCMP
  -------         ENDMOD        ?C?ULCMP

  -------         MODULE        ?C?LSHL
  C:02B4H         PUBLIC        ?C?LSHL
BL51 BANKED LINKER/LOCATER V6.22.2.0                                                  05/18/2025  16:18:58  PAGE 6


  -------         ENDMOD        ?C?LSHL

  -------         MODULE        ?C?CCASE
  C:02C7H         PUBLIC        ?C?CCASE
  -------         ENDMOD        ?C?CCASE

*** WARNING L16: UNCALLED SEGMENT, IGNORED FOR OVERLAY PROCESS
    SEGMENT: ?PR?IO_INIT?MAIN

*** WARNING L16: UNCALLED SEGMENT, IGNORED FOR OVERLAY PROCESS
    SEGMENT: ?PR?_SYSCLK_CCO?MAIN

*** WARNING L16: UNCALLED SEGMENT, IGNORED FOR OVERLAY PROCESS
    SEGMENT: ?PR?READ_CARD?MAIN

*** WARNING L16: UNCALLED SEGMENT, IGNORED FOR OVERLAY PROCESS
    SEGMENT: ?C_INITSEG

*** WARNING L10: CANNOT DETERMINE ROOT SEGMENT

*** WARNING L1: UNRESOLVED EXTERNAL SYMBOL
    SYMBOL:  _DELAY
    MODULE:  .\Objects\main.obj (MAIN)

*** WARNING L2: REFERENCE MADE TO UNRESOLVED EXTERNAL
    SYMBOL:  _DELAY
    MODULE:  .\Objects\main.obj (MAIN)
    ADDRESS: 0342H

Program Size: data=76.0 xdata=0 code=847
LINK/LOCATE RUN COMPLETE.  7 WARNING(S),  0 ERROR(S)
